Archive member included to satisfy reference by file (symbol)

/opt/k510_buildroot/toolchain/nds64le-linux-glibc-v5d/bin/../lib/gcc/riscv64-linux/7.3.0/libgcc.a(save-restore.o)
                              arch/riscv/lib/built-in.o (__riscv_save_12)

Discarded input sections

 .bss           0x0000000000000000        0x0 arch/riscv/cpu/start.o
 .data          0x0000000000000000        0x4 arch/riscv/cpu/built-in.o
 .bss           0x0000000000000000        0x0 arch/riscv/cpu/built-in.o
 .text          0x0000000000000000        0x0 arch/riscv/cpu/ax25/built-in.o
 .data          0x0000000000000000        0x0 arch/riscv/cpu/ax25/built-in.o
 .bss           0x0000000000000000        0x0 arch/riscv/cpu/ax25/built-in.o
 .text          0x0000000000000000        0x0 arch/riscv/lib/built-in.o
 .text.flush_dcache_all
                0x0000000000000000        0x2 arch/riscv/lib/built-in.o
 .text.flush_dcache_range
                0x0000000000000000        0x2 arch/riscv/lib/built-in.o
 .text.invalidate_dcache_range
                0x0000000000000000        0x2 arch/riscv/lib/built-in.o
 .text.icache_enable
                0x0000000000000000        0x2 arch/riscv/lib/built-in.o
 .text.icache_disable
                0x0000000000000000        0x2 arch/riscv/lib/built-in.o
 .text.icache_status
                0x0000000000000000        0x4 arch/riscv/lib/built-in.o
 .text.dcache_enable
                0x0000000000000000        0x2 arch/riscv/lib/built-in.o
 .text.dcache_disable
                0x0000000000000000        0x2 arch/riscv/lib/built-in.o
 .text.dcache_status
                0x0000000000000000        0x4 arch/riscv/lib/built-in.o
 .data          0x0000000000000000        0x0 arch/riscv/lib/built-in.o
 .bss           0x0000000000000000        0x0 arch/riscv/lib/built-in.o
 .text          0x0000000000000000        0x0 board/Canaan/k510_crb_lp3/built-in.o
 .text.board_flash_get_legacy
                0x0000000000000000        0x4 board/Canaan/k510_crb_lp3/built-in.o
 .text.board_fdt_blob_setup
                0x0000000000000000        0x8 board/Canaan/k510_crb_lp3/built-in.o
 .text.initialize_init_data
                0x0000000000000000      0x3ba board/Canaan/k510_crb_lp3/built-in.o
 .text.update_init_data
                0x0000000000000000      0x76a board/Canaan/k510_crb_lp3/built-in.o
 .text.update_pre_data
                0x0000000000000000      0x76a board/Canaan/k510_crb_lp3/built-in.o
 .text.print_pre_vs_cur_data
                0x0000000000000000        0x2 board/Canaan/k510_crb_lp3/built-in.o
 .text.read_dll_ctrl_registers
                0x0000000000000000      0x662 board/Canaan/k510_crb_lp3/built-in.o
 .text.read_mode_register_only
                0x0000000000000000       0x8e board/Canaan/k510_crb_lp3/built-in.o
 .text.ddr_read_gate_training_auto
                0x0000000000000000       0x34 board/Canaan/k510_crb_lp3/built-in.o
 .text.ddr_init_regs_data
                0x0000000000000000       0x38 board/Canaan/k510_crb_lp3/built-in.o
 .text.ddr_update_regs_data
                0x0000000000000000       0x30 board/Canaan/k510_crb_lp3/built-in.o
 .text.ddr_bit_delay
                0x0000000000000000       0x2e board/Canaan/k510_crb_lp3/built-in.o
 .text.ddr_bit_delay_cache
                0x0000000000000000        0x2 board/Canaan/k510_crb_lp3/built-in.o
 .text.lpddr4_probe_desity
                0x0000000000000000       0x78 board/Canaan/k510_crb_lp3/built-in.o
 .text.ddr_show_dqs_drift_regs
                0x0000000000000000       0xac board/Canaan/k510_crb_lp3/built-in.o
 .text.ddr_dqs_drift_enable
                0x0000000000000000       0x48 board/Canaan/k510_crb_lp3/built-in.o
 .text.sysctl_boot_set_root_clk_bypass
                0x0000000000000000       0x62 board/Canaan/k510_crb_lp3/built-in.o
 .text.sysctl_boot_get_root_clk_en
                0x0000000000000000       0x92 board/Canaan/k510_crb_lp3/built-in.o
 .text.sysctl_boot_set_root_clk_en
                0x0000000000000000       0xa0 board/Canaan/k510_crb_lp3/built-in.o
 .text.sysctl_clk_get_leaf_en
                0x0000000000000000      0xa5e board/Canaan/k510_crb_lp3/built-in.o
 .text.sysctl_clk_set_phase
                0x0000000000000000       0xae board/Canaan/k510_crb_lp3/built-in.o
 .text.sysctl_clk_get_phase
                0x0000000000000000       0x6e board/Canaan/k510_crb_lp3/built-in.o
 .text.sysctl_clk_find_approximate
                0x0000000000000000      0x1be board/Canaan/k510_crb_lp3/built-in.o
 .text.fill_ddr
                0x0000000000000000       0x3c board/Canaan/k510_crb_lp3/built-in.o
 .text.muxpin_default_init
                0x0000000000000000        0x2 board/Canaan/k510_crb_lp3/built-in.o
 .text.muxpin_get_config
                0x0000000000000000       0x26 board/Canaan/k510_crb_lp3/built-in.o
 .text.muxpin_set_config
                0x0000000000000000       0x26 board/Canaan/k510_crb_lp3/built-in.o
 .text.muxpin_get_io_pull
                0x0000000000000000       0x36 board/Canaan/k510_crb_lp3/built-in.o
[...]
Memory Configuration

Name             Origin             Length             Attributes
*default*        0x0000000000000000 0xffffffffffffffff

Linker script and memory map

Address of section .text set to 0x80080000
                0x0000000000000000                . = ALIGN (0x4)

.text           0x0000000080080000      0x20a
 arch/riscv/cpu/start.o(.text)
 .text          0x0000000080080000      0x20a arch/riscv/cpu/start.o
                0x0000000080080000                _start
                0x00000000800800b2                relocate_code

.plt            0x0000000080080210        0x0
 .plt           0x0000000080080210        0x0 arch/riscv/cpu/start.o

.efi_runtime    0x0000000080080210      0x898
                0x0000000080080210                __efi_runtime_start = .
 *(.text.efi_runtime*)
 .text.efi_runtime
                0x0000000080080210      0x1da lib/built-in.o
                0x0000000080080210                efi_reset_system
                0x0000000080080212                efi_get_time
                0x000000008008021a                efi_set_time
                0x000000008008023a                efi_update_capsule
                0x0000000080080242                efi_query_capsule_caps
                0x00000000800802c0                efi_update_table_header_crc32
                0x00000000800802f2                efi_query_variable_info
                0x00000000800802fa                crc32_no_comp
                0x00000000800803d4                crc32
 .text.efi_runtime_detach
                0x00000000800803ea       0x32 lib/built-in.o
                0x00000000800803ea                efi_runtime_detach
 .text.efi_runtime_relocate
                0x000000008008041c       0xee lib/built-in.o
                0x000000008008041c                efi_runtime_relocate
 *(.rodata.efi_runtime*)
 *fill*         0x000000008008050a        0x6 
 .rodata.efi_runtime_relocate.str1.8
                0x0000000080080510       0x58 lib/built-in.o
                                         0x54 (size before relaxing)
 *(.data.efi_runtime*)
 .data.efi_runtime
                0x0000000080080568      0x540 lib/built-in.o
                0x0000000080080568                systab
                0x00000000800805f8                efi_events
                0x0000000080080620                efi_runtime_services
                0x0000000080080aa8                __efi_runtime_stop = .

.text_rest      0x0000000080080ab0    0x5a2b6
 *(.text*)
 .text          0x0000000080080ab0       0x96 arch/riscv/cpu/built-in.o
                0x0000000080080ab0                _RELAX_END_
                0x0000000080080ab0                trap_entry
 .text.arch_cpu_init_dm
                0x0000000080080b46       0x9c arch/riscv/cpu/built-in.o
                0x0000000080080b46                arch_cpu_init_dm
 .text.arch_early_init_r
                0x0000000080080be2        0xc arch/riscv/cpu/built-in.o
                0x0000000080080be2                arch_early_init_r
 .text.cleanup_before_linux
                0x0000000080080bee       0x1a arch/riscv/cpu/ax25/built-in.o
                0x0000000080080bee                cleanup_before_linux
 .text.flush_dcache_all
                0x0000000080080c08        0x6 arch/riscv/cpu/ax25/built-in.o
                0x0000000080080c08                flush_dcache_all
 .text.flush_dcache_range
                0x0000000080080c0e        0xc arch/riscv/cpu/ax25/built-in.o
                0x0000000080080c0e                flush_dcache_range
 .text.invalidate_dcache_range
                0x0000000080080c1a        0xc arch/riscv/cpu/ax25/built-in.o
                0x0000000080080c1a                invalidate_dcache_range
 .text.icache_enable
                0x0000000080080c26        0xe arch/riscv/cpu/ax25/built-in.o
                0x0000000080080c26                icache_enable
 .text.icache_disable
                0x0000000080080c34       0x12 arch/riscv/cpu/ax25/built-in.o
                0x0000000080080c34                icache_disable
 .text.dcache_enable
                0x0000000080080c46       0x2a arch/riscv/cpu/ax25/built-in.o
                0x0000000080080c46                dcache_enable
 .text.dcache_disable
                0x0000000080080c70       0x2e arch/riscv/cpu/ax25/built-in.o
                0x0000000080080c70                dcache_disable
 .text.icache_status
                0x0000000080080c9e        0xc arch/riscv/cpu/ax25/built-in.o
                0x0000000080080c9e                icache_status
 .text.dcache_status
                0x0000000080080caa        0xc arch/riscv/cpu/ax25/built-in.o
                0x0000000080080caa                dcache_status
 .text.boot_prep_linux
                0x0000000080080cb6       0x2e arch/riscv/lib/built-in.o
 .text.board_quiesce_devices
                0x0000000080080ce4        0x2 arch/riscv/lib/built-in.o
                0x0000000080080ce4                board_quiesce_devices
 .text.boot_jump_linux
                0x0000000080080ce6       0x7e arch/riscv/lib/built-in.o
 .text.arch_fixup_fdt
                0x0000000080080d64        0x4 arch/riscv/lib/built-in.o
                0x0000000080080d64                arch_fixup_fdt
 .text.do_bootm_linux
                0x0000000080080d68       0x44 arch/riscv/lib/built-in.o
                0x0000000080080d68                do_bootm_linux
 .text.do_bootm_vxworks
                0x0000000080080dac        0xc arch/riscv/lib/built-in.o
                0x0000000080080dac                do_bootm_vxworks
 .text.booti_setup
                0x0000000080080db8       0x42 arch/riscv/lib/built-in.o
                0x0000000080080db8                booti_setup
 .text.do_go_exec
                0x0000000080080dfa       0x1e arch/riscv/lib/built-in.o
                0x0000000080080dfa                do_go_exec
 .text.invalidate_icache_all
                0x0000000080080e18        0x6 arch/riscv/lib/built-in.o
                0x0000000080080e18                invalidate_icache_all
 .text.invalidate_icache_range
                0x0000000080080e1e        0xc arch/riscv/lib/built-in.o
                0x0000000080080e1e                invalidate_icache_range
 .text.cache_flush
                0x0000000080080e2a       0x16 arch/riscv/lib/built-in.o
                0x0000000080080e2a                cache_flush
 .text.flush_cache
                0x0000000080080e40       0x22 arch/riscv/lib/built-in.o
                0x0000000080080e40                flush_cache
 .text.init_plic
                0x0000000080080e62       0xa0 arch/riscv/lib/built-in.o
 .text.riscv_send_ipi
                0x0000000080080f02       0x56 arch/riscv/lib/built-in.o
                0x0000000080080f02                riscv_send_ipi
 .text.riscv_clear_ipi
                0x0000000080080f58       0x50 arch/riscv/lib/built-in.o
                0x0000000080080f58                riscv_clear_ipi
 .text.riscv_get_ipi
                0x0000000080080fa8       0x5a arch/riscv/lib/built-in.o
                0x0000000080080fa8                riscv_get_ipi
 .text.riscv_get_time
                0x0000000080081002       0x32 arch/riscv/lib/built-in.o
                0x0000000080081002                riscv_get_time
 .text.unlikely._exit_trap.isra.0
                0x0000000080081034       0x44 arch/riscv/lib/built-in.o
 .text.interrupt_init
                0x0000000080081078        0x4 arch/riscv/lib/built-in.o
                0x0000000080081078                interrupt_init
 .text.enable_interrupts
                0x000000008008107c        0x2 arch/riscv/lib/built-in.o
                0x000000008008107c                enable_interrupts
 .text.disable_interrupts
                0x000000008008107e        0x4 arch/riscv/lib/built-in.o
                0x000000008008107e                disable_interrupts
 .text.external_interrupt
                0x0000000080081082        0x2 arch/riscv/lib/built-in.o
                0x0000000080081082                external_interrupt
 .text.timer_interrupt
                0x0000000080081084        0x2 arch/riscv/lib/built-in.o
                0x0000000080081084                timer_interrupt
 .text.handle_trap
                0x0000000080081086       0x5a arch/riscv/lib/built-in.o
                0x0000000080081086                handle_trap
 .text.do_reset
                0x00000000800810e0       0x20 arch/riscv/lib/built-in.o
                0x00000000800810e0                do_reset
 *fill*         0x0000000080081100        0x0 
 .text.setjmp   0x0000000080081100       0x42 arch/riscv/lib/built-in.o
                0x0000000080081100                setjmp
 *fill*         0x0000000080081142        0xe 
 .text.longjmp  0x0000000080081150       0x42 arch/riscv/lib/built-in.o
                0x0000000080081150                longjmp
 .text.handle_ipi
                0x0000000080081192       0x50 arch/riscv/lib/built-in.o
                0x0000000080081192                handle_ipi
 .text.smp_call_function
                0x00000000800811e2       0xee arch/riscv/lib/built-in.o
                0x00000000800811e2                smp_call_function
 .text.iomux_init
                0x00000000800812d0       0x32 board/Canaan/k510_crb_lp3/built-in.o
                0x00000000800812d0                iomux_init
 .text.sysctl_enable_all_leaf_clk
                0x0000000080081302      0x126 board/Canaan/k510_crb_lp3/built-in.o
                0x0000000080081302                sysctl_enable_all_leaf_clk
 .text.env_get_location
                0x0000000080081428       0x36 board/Canaan/k510_crb_lp3/built-in.o
                0x0000000080081428                env_get_location
 .text.board_init
                0x000000008008145e       0xb6 board/Canaan/k510_crb_lp3/built-in.o
                0x000000008008145e                board_init
 .text.dram_init
                0x0000000080081514       0x14 board/Canaan/k510_crb_lp3/built-in.o
                0x0000000080081514                dram_init
 .text.dram_init_banksize
                0x0000000080081528        0xc board/Canaan/k510_crb_lp3/built-in.o
                0x0000000080081528                dram_init_banksize
 .text.smc_init
                0x0000000080081534       0x4c board/Canaan/k510_crb_lp3/built-in.o
                0x0000000080081534                smc_init
 .text.board_early_init_f
                0x0000000080081580       0x1c board/Canaan/k510_crb_lp3/built-in.o
                0x0000000080081580                board_early_init_f
 .text.fat_get_env_dev_and_part_dynamic
                0x000000008008159c       0x26 board/Canaan/k510_crb_lp3/built-in.o
                0x000000008008159c                fat_get_env_dev_and_part_dynamic
 .text.fat_get_env_file_name_dynamic
                0x00000000800815c2       0x26 board/Canaan/k510_crb_lp3/built-in.o
                0x00000000800815c2                fat_get_env_file_name_dynamic
 .text.last_stage_init
                0x00000000800815e8       0x16 board/Canaan/k510_crb_lp3/built-in.o
                0x00000000800815e8                last_stage_init
 .text.reset_phy
                0x00000000800815fe       0x5c board/Canaan/k510_crb_lp3/built-in.o
                0x00000000800815fe                reset_phy
 .text.lpddr3_init_training
                0x000000008008165a     0x1e44 board/Canaan/k510_crb_lp3/built-in.o
                0x000000008008165a                lpddr3_init_training
 .text.Read_Gate_training
                0x000000008008349e      0x45a board/Canaan/k510_crb_lp3/built-in.o
 .text.CA_training
                0x00000000800838f8      0x3b2 board/Canaan/k510_crb_lp3/built-in.o
                0x00000000800838f8                CA_training
 .text.Read_eye_training
                0x0000000080083caa     0x24f2 board/Canaan/k510_crb_lp3/built-in.o
                0x0000000080083caa                Read_eye_training
 .text.Write_eye_training
                0x000000008008619c      0x900 board/Canaan/k510_crb_lp3/built-in.o
                0x000000008008619c                Write_eye_training
 .text.Write_leveling_training
                0x0000000080086a9c      0x44a board/Canaan/k510_crb_lp3/built-in.o
                0x0000000080086a9c                Write_leveling_training
 .text.ddr_switch_to_800
                0x0000000080086ee6      0x1be board/Canaan/k510_crb_lp3/built-in.o
                0x0000000080086ee6                ddr_switch_to_800
 .text.ddr_switch_to_high_freq
                0x00000000800870a4      0x1c6 board/Canaan/k510_crb_lp3/built-in.o
                0x00000000800870a4                ddr_switch_to_high_freq
 .text.ddr_write_pattern
                0x000000008008726a       0x2a board/Canaan/k510_crb_lp3/built-in.o
                0x000000008008726a                ddr_write_pattern
 .text.ddr_training_task
                0x0000000080087294       0x64 board/Canaan/k510_crb_lp3/built-in.o
                0x0000000080087294                ddr_training_task
 .text.read_register
                0x00000000800872f8       0x1e board/Canaan/k510_crb_lp3/built-in.o
                0x00000000800872f8                read_register
 .text.write_register
                0x0000000080087316       0x1e board/Canaan/k510_crb_lp3/built-in.o
                0x0000000080087316                write_register
 .text.read_mode_register
                0x0000000080087334       0xae board/Canaan/k510_crb_lp3/built-in.o
                0x0000000080087334                read_mode_register
 .text.write_mode_register
                0x00000000800873e2       0x8e board/Canaan/k510_crb_lp3/built-in.o
                0x00000000800873e2                write_mode_register
 .text.dump_ddrphy_regs
                0x0000000080087470      0x514 board/Canaan/k510_crb_lp3/built-in.o
                0x0000000080087470                dump_ddrphy_regs
 .text.set_read_dqs_sadj
                0x0000000080087984       0xc4 board/Canaan/k510_crb_lp3/built-in.o
                0x0000000080087984                set_read_dqs_sadj
 .text.set_read_dqs_b_sadj
                0x0000000080087a48       0x96 board/Canaan/k510_crb_lp3/built-in.o
                0x0000000080087a48                set_read_dqs_b_sadj
 .text.lpddr3_probe_desity
                0x0000000080087ade       0xa0 board/Canaan/k510_crb_lp3/built-in.o
                0x0000000080087ade                lpddr3_probe_desity
 .text.sysctl_boot_get_root_clk_bypass
                0x0000000080087b7e       0x44 board/Canaan/k510_crb_lp3/built-in.o
                0x0000000080087b7e                sysctl_boot_get_root_clk_bypass
 .text.sysctl_boot_set_root_clk_pwroff
                0x0000000080087bc2       0x46 board/Canaan/k510_crb_lp3/built-in.o
                0x0000000080087bc2                sysctl_boot_set_root_clk_pwroff
 .text.sysctl_boot_get_root_clk_lock
                0x0000000080087c08       0x40 board/Canaan/k510_crb_lp3/built-in.o
                0x0000000080087c08                sysctl_boot_get_root_clk_lock
 .text.sysctl_boot_get_root_clk_freq
                0x0000000080087c48      0x214 board/Canaan/k510_crb_lp3/built-in.o
                0x0000000080087c48                sysctl_boot_get_root_clk_freq
 .text.sysctl_boot_set_root_clk_freq
                0x0000000080087e5c       0x94 board/Canaan/k510_crb_lp3/built-in.o
                0x0000000080087e5c                sysctl_boot_set_root_clk_freq
 .text.sysctl_clk_set_leaf_parent
                0x0000000080087ef0      0x7d0 board/Canaan/k510_crb_lp3/built-in.o
                0x0000000080087ef0                sysctl_clk_set_leaf_parent
 .text.sysctl_clk_get_leaf_parent
                0x00000000800886c0      0x30a board/Canaan/k510_crb_lp3/built-in.o
                0x00000000800886c0                sysctl_clk_get_leaf_parent
 .text.sysctl_clk_set_leaf_en
                0x00000000800889ca      0xce4 board/Canaan/k510_crb_lp3/built-in.o
                0x00000000800889ca                sysctl_clk_set_leaf_en
 .text.sysctl_clk_set_leaf_div
                0x00000000800896ae      0x9b4 board/Canaan/k510_crb_lp3/built-in.o
                0x00000000800896ae                sysctl_clk_set_leaf_div
 .text.sysctl_clk_get_leaf_div
                0x000000008008a062      0x44c board/Canaan/k510_crb_lp3/built-in.o
                0x000000008008a062                sysctl_clk_get_leaf_div
 .text.sysctl_clk_get_leaf_freq
                0x000000008008a4ae       0x48 board/Canaan/k510_crb_lp3/built-in.o
                0x000000008008a4ae                sysctl_clk_get_leaf_freq
 .text.sysctl_boot_get_boot_mode
                0x000000008008a4f6       0x30 board/Canaan/k510_crb_lp3/built-in.o
                0x000000008008a4f6                sysctl_boot_get_boot_mode
 .text.set_bootcmd
                0x000000008008a526       0xc4 board/Canaan/k510_crb_lp3/built-in.o
                0x000000008008a526                set_bootcmd
 .text.SYSCTL_DRV_Init
                0x000000008008a5ea      0x188 board/Canaan/k510_crb_lp3/built-in.o
                0x000000008008a5ea                SYSCTL_DRV_Init
 .text.load_dsi_logo_to_ddr
                0x000000008008a772       0x2e board/Canaan/k510_crb_lp3/built-in.o
                0x000000008008a772                load_dsi_logo_to_ddr
 .text.main_logo
                0x000000008008a7a0       0x78 board/Canaan/k510_crb_lp3/built-in.o
                0x000000008008a7a0                main_logo
 .text.board_get_usable_ram_top
                0x000000008008a818        0xc board/Canaan/k510_crb_lp3/built-in.o
                0x000000008008a818                board_get_usable_ram_top
 .text.board_late_init
                0x000000008008a824       0x34 board/Canaan/k510_crb_lp3/built-in.o
                0x000000008008a824                board_late_init
 .text.muxpin_set_io_pull
                0x000000008008a858       0x5a board/Canaan/k510_crb_lp3/built-in.o
                0x000000008008a858                muxpin_set_io_pull
 .text.muxpin_get_io_driving
                0x000000008008a8b2       0x22 board/Canaan/k510_crb_lp3/built-in.o
                0x000000008008a8b2                muxpin_get_io_driving
 .text.muxpin_set_function_raw
                0x000000008008a8d4       0xd4 board/Canaan/k510_crb_lp3/built-in.o
                0x000000008008a8d4                muxpin_set_function_raw
 .text.muxpin_set_function
                0x000000008008a9a8       0x7e board/Canaan/k510_crb_lp3/built-in.o
                0x000000008008a9a8                muxpin_set_function
 .text.gpio_set_drive_mode
                0x000000008008aa26       0x64 board/Canaan/k510_crb_lp3/built-in.o
                0x000000008008aa26                gpio_set_drive_mode
 .text.gpio_get_pin
                0x000000008008aa8a       0x36 board/Canaan/k510_crb_lp3/built-in.o
                0x000000008008aa8a                gpio_get_pin
 .text.gpio_set_pin
                0x000000008008aac0       0x44 board/Canaan/k510_crb_lp3/built-in.o
                0x000000008008aac0                gpio_set_pin
 .text.mipi_rxdphy_init
                0x000000008008ab04      0x122 board/Canaan/k510_crb_lp3/built-in.o
                0x000000008008ab04                mipi_rxdphy_init
 .text.mipi_txdphy_set_pll
                0x000000008008ac26       0xbe board/Canaan/k510_crb_lp3/built-in.o
                0x000000008008ac26                mipi_txdphy_set_pll
 .text.mipi_txdphy_init
                0x000000008008ace4       0xd6 board/Canaan/k510_crb_lp3/built-in.o
                0x000000008008ace4                mipi_txdphy_init
 .text.VO_DRV_Init
                0x000000008008adba       0x16 board/Canaan/k510_crb_lp3/built-in.o
                0x000000008008adba                VO_DRV_Init
 .text.VO_TEST_SetWrap
                0x000000008008add0       0x98 board/Canaan/k510_crb_lp3/built-in.o
                0x000000008008add0                VO_TEST_SetWrap
 .text.VO_TEST_Init
                0x000000008008ae68       0x10 board/Canaan/k510_crb_lp3/built-in.o
                0x000000008008ae68                VO_TEST_Init
 .text.VO_TEST_Start
                0x000000008008ae78       0x1c board/Canaan/k510_crb_lp3/built-in.o
                0x000000008008ae78                VO_TEST_Start
 .text.VO_TEST_SetCore
                0x000000008008ae94      0x952 board/Canaan/k510_crb_lp3/built-in.o
                0x000000008008ae94                VO_TEST_SetCore
 .text.VO_TEST_VideoOut
                0x000000008008b7e6     0x1aee board/Canaan/k510_crb_lp3/built-in.o
                0x000000008008b7e6                VO_TEST_VideoOut
 .text.usleep   0x000000008008d2d4        0xe board/Canaan/k510_crb_lp3/built-in.o
                0x000000008008d2d4                usleep
 .text.msleep   0x000000008008d2e2       0x16 board/Canaan/k510_crb_lp3/built-in.o
                0x000000008008d2e2                msleep
 .text.i2c_reset
                0x000000008008d2f8        0xe board/Canaan/k510_crb_lp3/built-in.o
                0x000000008008d2f8                i2c_reset
 .text.i2c_init
                0x000000008008d306       0x8c board/Canaan/k510_crb_lp3/built-in.o
                0x000000008008d306                i2c_init
 .text.i2c_send_data
                0x000000008008d392       0x70 board/Canaan/k510_crb_lp3/built-in.o
                0x000000008008d392                i2c_send_data
 .text.i2c_recv_data
                0x000000008008d402       0xb4 board/Canaan/k510_crb_lp3/built-in.o
                0x000000008008d402                i2c_recv_data
 .text.display_gpio_reset
                0x000000008008d4b6       0x38 board/Canaan/k510_crb_lp3/built-in.o
                0x000000008008d4b6                display_gpio_reset
 .text.display_gpio_poweron
                0x000000008008d4ee       0x10 board/Canaan/k510_crb_lp3/built-in.o
                0x000000008008d4ee                display_gpio_poweron
 .text.lt9611_reset
                0x000000008008d4fe       0x20 board/Canaan/k510_crb_lp3/built-in.o
                0x000000008008d4fe                lt9611_reset
 .text.display_switch_hdmi_gpio
                0x000000008008d51e       0x24 board/Canaan/k510_crb_lp3/built-in.o
                0x000000008008d51e                display_switch_hdmi_gpio
 .text.display_gpio_init
                0x000000008008d542       0x92 board/Canaan/k510_crb_lp3/built-in.o
                0x000000008008d542                display_gpio_init
 .text.lt9611_i2c_init
                0x000000008008d5d4       0x32 board/Canaan/k510_crb_lp3/built-in.o
                0x000000008008d5d4                lt9611_i2c_init
 .text.lt9611_write_byte
                0x000000008008d606       0x20 board/Canaan/k510_crb_lp3/built-in.o
                0x000000008008d606                lt9611_write_byte
 .text.lt9611_read_byte
                0x000000008008d626       0x2a board/Canaan/k510_crb_lp3/built-in.o
                0x000000008008d626                lt9611_read_byte
 .text.lt9611_read_id
                0x000000008008d650       0x40 board/Canaan/k510_crb_lp3/built-in.o
                0x000000008008d650                lt9611_read_id
 .text.lt9611_get_hpd_state
                0x000000008008d690       0x26 board/Canaan/k510_crb_lp3/built-in.o
                0x000000008008d690                lt9611_get_hpd_state
 .text.vo_core_calc_scale
                0x000000008008d6b6       0x3c board/Canaan/k510_crb_lp3/built-in.o
                0x000000008008d6b6                vo_core_calc_scale
 .text.on_irq_spi
                0x000000008008d6f2       0x9c board/Canaan/k510_crb_lp3/built-in.o
                0x000000008008d6f2                on_irq_spi
 .text.spi_init
                0x000000008008d78e       0x78 board/Canaan/k510_crb_lp3/built-in.o
                0x000000008008d78e                spi_init
 .text.spi_set_tmod
                0x000000008008d806       0x2a board/Canaan/k510_crb_lp3/built-in.o
                0x000000008008d806                spi_set_tmod
 .text.spi_send_data_dma
                0x000000008008d830       0xa4 board/Canaan/k510_crb_lp3/built-in.o
                0x000000008008d830                spi_send_data_dma
 .text.cache_wb_all
                0x000000008008d8d4       0x72 board/Canaan/k510_crb_lp3/built-in.o
                0x000000008008d8d4                cache_wb_all
 .text.plic_irq_enable
                0x000000008008d946       0x40 board/Canaan/k510_crb_lp3/built-in.o
                0x000000008008d946                plic_irq_enable
 .text.plic_set_priority
                0x000000008008d986       0x22 board/Canaan/k510_crb_lp3/built-in.o
                0x000000008008d986                plic_set_priority
 .text.plic_irq_register
                0x000000008008d9a8       0x22 board/Canaan/k510_crb_lp3/built-in.o
                0x000000008008d9a8                plic_irq_register
 .text.plic_interrupt_enable
                0x000000008008d9ca       0x10 board/Canaan/k510_crb_lp3/built-in.o
                0x000000008008d9ca                plic_interrupt_enable
 .text.ws2812_get_buf
                0x000000008008d9da       0x42 board/Canaan/k510_crb_lp3/built-in.o
                0x000000008008d9da                ws2812_get_buf
 .text.ws2812_set_data
                0x000000008008da1c       0x5c board/Canaan/k510_crb_lp3/built-in.o
                0x000000008008da1c                ws2812_set_data
 .text.ws2812_init_spi
                0x000000008008da78       0x66 board/Canaan/k510_crb_lp3/built-in.o
                0x000000008008da78                ws2812_init_spi
 .text.ws2812_send_data_spi
                0x000000008008dade       0xcc board/Canaan/k510_crb_lp3/built-in.o
                0x000000008008dade                ws2812_send_data_spi
 .text.set_bit  0x000000008008dbaa        0xe board/Canaan/k510_crb_lp3/built-in.o
                0x000000008008dbaa                set_bit
 .text.set_bit_offset
                0x000000008008dbb8       0x18 board/Canaan/k510_crb_lp3/built-in.o
                0x000000008008dbb8                set_bit_offset
 .text.set_gpio_bit
                0x000000008008dbd0       0x12 board/Canaan/k510_crb_lp3/built-in.o
                0x000000008008dbd0                set_gpio_bit
 .text.get_bit  0x000000008008dbe2       0x12 board/Canaan/k510_crb_lp3/built-in.o
                0x000000008008dbe2                get_bit
 .text.get_gpio_bit
                0x000000008008dbf4       0x12 board/Canaan/k510_crb_lp3/built-in.o
                0x000000008008dbf4                get_gpio_bit
 .text.mipi_coner_init
                0x000000008008dc06       0xa4 board/Canaan/k510_crb_lp3/built-in.o
                0x000000008008dc06                mipi_coner_init
 .text.VO_DRV_Core_Remap
                0x000000008008dcaa       0x14 board/Canaan/k510_crb_lp3/built-in.o
                0x000000008008dcaa                VO_DRV_Core_Remap
 .text.VO_DRV_SetInit
                0x000000008008dcbe       0x36 board/Canaan/k510_crb_lp3/built-in.o
                0x000000008008dcbe                VO_DRV_SetInit
 .text.VO_DRV_SetWrap
                0x000000008008dcf4      0x460 board/Canaan/k510_crb_lp3/built-in.o
                0x000000008008dcf4                VO_DRV_SetWrap
 .text.VO_DRV_SetDispEn
                0x000000008008e154       0x1a board/Canaan/k510_crb_lp3/built-in.o
                0x000000008008e154                VO_DRV_SetDispEn
 .text.VO_DRV_SetCore
                0x000000008008e16e     0x10b2 board/Canaan/k510_crb_lp3/built-in.o
                0x000000008008e16e                VO_DRV_SetCore
 .text.VO_DRV_GetCoreRegsVal
                0x000000008008f220       0x18 board/Canaan/k510_crb_lp3/built-in.o
                0x000000008008f220                VO_DRV_GetCoreRegsVal
 .text.VO_CORE_DRV_SET_SoftRstCtl
                0x000000008008f238       0x1e board/Canaan/k510_crb_lp3/built-in.o
                0x000000008008f238                VO_CORE_DRV_SET_SoftRstCtl
 .text.VO_CORE_DRV_SET_DmaLoadCtl
                0x000000008008f256       0x1e board/Canaan/k510_crb_lp3/built-in.o
                0x000000008008f256                VO_CORE_DRV_SET_DmaLoadCtl
 .text.VO_CORE_DRV_SET_DmaSwCtl
                0x000000008008f274       0x1e board/Canaan/k510_crb_lp3/built-in.o
                0x000000008008f274                VO_CORE_DRV_SET_DmaSwCtl
 .text.VO_CORE_DRV_SET_DmaArbMode
                0x000000008008f292       0x1e board/Canaan/k510_crb_lp3/built-in.o
                0x000000008008f292                VO_CORE_DRV_SET_DmaArbMode
 .text.VO_CORE_DRV_SET_DmaWeightRD0
                0x000000008008f2b0       0x1e board/Canaan/k510_crb_lp3/built-in.o
                0x000000008008f2b0                VO_CORE_DRV_SET_DmaWeightRD0
 .text.VO_CORE_DRV_SET_DmaWeightRD1
                0x000000008008f2ce       0x1e board/Canaan/k510_crb_lp3/built-in.o
                0x000000008008f2ce                VO_CORE_DRV_SET_DmaWeightRD1
 .text.VO_CORE_DRV_SET_DmaWeightRD2
                0x000000008008f2ec       0x1e board/Canaan/k510_crb_lp3/built-in.o
                0x000000008008f2ec                VO_CORE_DRV_SET_DmaWeightRD2
 .text.VO_CORE_DRV_SET_DmaWeightRD3
                0x000000008008f30a       0x1e board/Canaan/k510_crb_lp3/built-in.o
                0x000000008008f30a                VO_CORE_DRV_SET_DmaWeightRD3
 .text.VO_CORE_DRV_SET_DmaPriorityRD0
                0x000000008008f328       0x1e board/Canaan/k510_crb_lp3/built-in.o
                0x000000008008f328                VO_CORE_DRV_SET_DmaPriorityRD0
 .text.VO_CORE_DRV_SET_DmaPriorityRD1
                0x000000008008f346       0x1e board/Canaan/k510_crb_lp3/built-in.o
                0x000000008008f346                VO_CORE_DRV_SET_DmaPriorityRD1
 .text.VO_CORE_DRV_SET_DmaIDRD0
                0x000000008008f364       0x1e board/Canaan/k510_crb_lp3/built-in.o
                0x000000008008f364                VO_CORE_DRV_SET_DmaIDRD0
 .text.VO_CORE_DRV_SET_DmaIDRD1
                0x000000008008f382       0x1e board/Canaan/k510_crb_lp3/built-in.o
                0x000000008008f382                VO_CORE_DRV_SET_DmaIDRD1
 .text.VO_CORE_DRV_SET_Layer0Line0BDCtl
                0x000000008008f3a0       0x20 board/Canaan/k510_crb_lp3/built-in.o
                0x000000008008f3a0                VO_CORE_DRV_SET_Layer0Line0BDCtl
 .text.VO_CORE_DRV_SET_Layer0Line1BDCtl
                0x000000008008f3c0       0x20 board/Canaan/k510_crb_lp3/built-in.o
                0x000000008008f3c0                VO_CORE_DRV_SET_Layer0Line1BDCtl
 .text.VO_CORE_DRV_SET_Layer0Line2BDCtl
                0x000000008008f3e0       0x20 board/Canaan/k510_crb_lp3/built-in.o
                0x000000008008f3e0                VO_CORE_DRV_SET_Layer0Line2BDCtl
 .text.VO_CORE_DRV_SET_Layer0Line3BDCtl
                0x000000008008f400       0x20 board/Canaan/k510_crb_lp3/built-in.o
                0x000000008008f400                VO_CORE_DRV_SET_Layer0Line3BDCtl
 .text.VO_CORE_DRV_SET_Layer1BDCtl
                0x000000008008f420       0x20 board/Canaan/k510_crb_lp3/built-in.o
                0x000000008008f420                VO_CORE_DRV_SET_Layer1BDCtl
 .text.VO_CORE_DRV_SET_Layer2BDCtl
                0x000000008008f440       0x20 board/Canaan/k510_crb_lp3/built-in.o
                0x000000008008f440                VO_CORE_DRV_SET_Layer2BDCtl
 .text.VO_CORE_DRV_SET_Layer3BDCtl
                0x000000008008f460       0x20 board/Canaan/k510_crb_lp3/built-in.o
                0x000000008008f460                VO_CORE_DRV_SET_Layer3BDCtl
 .text.VO_CORE_DRV_SET_Layer4BDCtl
                0x000000008008f480       0x20 board/Canaan/k510_crb_lp3/built-in.o
                0x000000008008f480                VO_CORE_DRV_SET_Layer4BDCtl
 .text.VO_CORE_DRV_SET_Layer5BDCtl
                0x000000008008f4a0       0x20 board/Canaan/k510_crb_lp3/built-in.o
                0x000000008008f4a0                VO_CORE_DRV_SET_Layer5BDCtl
 .text.VO_CORE_DRV_SET_Layer6BDCtl
                0x000000008008f4c0       0x20 board/Canaan/k510_crb_lp3/built-in.o
                0x000000008008f4c0                VO_CORE_DRV_SET_Layer6BDCtl
 .text.VO_CORE_DRV_SET_Layer0XZoneCtl
                0x000000008008f4e0       0x20 board/Canaan/k510_crb_lp3/built-in.o
                0x000000008008f4e0                VO_CORE_DRV_SET_Layer0XZoneCtl
 .text.VO_CORE_DRV_SET_Layer0YZoneCtl
                0x000000008008f500       0x20 board/Canaan/k510_crb_lp3/built-in.o
                0x000000008008f500                VO_CORE_DRV_SET_Layer0YZoneCtl
 .text.VO_CORE_DRV_SET_Layer0XCtl
                0x000000008008f520       0x20 board/Canaan/k510_crb_lp3/built-in.o
                0x000000008008f520                VO_CORE_DRV_SET_Layer0XCtl
 .text.VO_CORE_DRV_SET_Layer0YCtl
                0x000000008008f540       0x20 board/Canaan/k510_crb_lp3/built-in.o
                0x000000008008f540                VO_CORE_DRV_SET_Layer0YCtl
 .text.VO_CORE_DRV_SET_Layer1XCtl
                0x000000008008f560       0x20 board/Canaan/k510_crb_lp3/built-in.o
                0x000000008008f560                VO_CORE_DRV_SET_Layer1XCtl
 .text.VO_CORE_DRV_SET_Layer1YCtl
                0x000000008008f580       0x20 board/Canaan/k510_crb_lp3/built-in.o
                0x000000008008f580                VO_CORE_DRV_SET_Layer1YCtl
 .text.VO_CORE_DRV_SET_Layer2XCtl
                0x000000008008f5a0       0x20 board/Canaan/k510_crb_lp3/built-in.o
                0x000000008008f5a0                VO_CORE_DRV_SET_Layer2XCtl
 .text.VO_CORE_DRV_SET_Layer2YCtl
                0x000000008008f5c0       0x20 board/Canaan/k510_crb_lp3/built-in.o
                0x000000008008f5c0                VO_CORE_DRV_SET_Layer2YCtl
 .text.VO_CORE_DRV_SET_Layer3XCtl
                0x000000008008f5e0       0x20 board/Canaan/k510_crb_lp3/built-in.o
                0x000000008008f5e0                VO_CORE_DRV_SET_Layer3XCtl
 .text.VO_CORE_DRV_SET_Layer3YCtl
                0x000000008008f600       0x20 board/Canaan/k510_crb_lp3/built-in.o
                0x000000008008f600                VO_CORE_DRV_SET_Layer3YCtl
 .text.VO_CORE_DRV_SET_Layer4XCtl
                0x000000008008f620       0x20 board/Canaan/k510_crb_lp3/built-in.o
                0x000000008008f620                VO_CORE_DRV_SET_Layer4XCtl
 .text.VO_CORE_DRV_SET_Layer4YCtl
                0x000000008008f640       0x20 board/Canaan/k510_crb_lp3/built-in.o
                0x000000008008f640                VO_CORE_DRV_SET_Layer4YCtl
 .text.VO_CORE_DRV_SET_Layer5XCtl
                0x000000008008f660       0x20 board/Canaan/k510_crb_lp3/built-in.o
                0x000000008008f660                VO_CORE_DRV_SET_Layer5XCtl
 .text.VO_CORE_DRV_SET_Layer5YCtl
                0x000000008008f680       0x20 board/Canaan/k510_crb_lp3/built-in.o
                0x000000008008f680                VO_CORE_DRV_SET_Layer5YCtl
 .text.VO_CORE_DRV_SET_Layer6XCtl
                0x000000008008f6a0       0x20 board/Canaan/k510_crb_lp3/built-in.o
                0x000000008008f6a0                VO_CORE_DRV_SET_Layer6XCtl
 .text.VO_CORE_DRV_SET_Layer6YCtl
                0x000000008008f6c0       0x20 board/Canaan/k510_crb_lp3/built-in.o
                0x000000008008f6c0                VO_CORE_DRV_SET_Layer6YCtl
 .text.VO_CORE_DRV_SET_DispHSyncCtl
                0x000000008008f6e0       0x20 board/Canaan/k510_crb_lp3/built-in.o
                0x000000008008f6e0                VO_CORE_DRV_SET_DispHSyncCtl
 .text.VO_CORE_DRV_SET_DispHSync1Ctl
                0x000000008008f700       0x20 board/Canaan/k510_crb_lp3/built-in.o
                0x000000008008f700                VO_CORE_DRV_SET_DispHSync1Ctl
 .text.VO_CORE_DRV_SET_DispVSync1Ctl
                0x000000008008f720       0x20 board/Canaan/k510_crb_lp3/built-in.o
                0x000000008008f720                VO_CORE_DRV_SET_DispVSync1Ctl
 .text.VO_CORE_DRV_SET_DispHSync2Ctl
                0x000000008008f740       0x20 board/Canaan/k510_crb_lp3/built-in.o
                0x000000008008f740                VO_CORE_DRV_SET_DispHSync2Ctl
 .text.VO_CORE_DRV_SET_DispVSync2Ctl
                0x000000008008f760       0x20 board/Canaan/k510_crb_lp3/built-in.o
                0x000000008008f760                VO_CORE_DRV_SET_DispVSync2Ctl
 .text.VO_CORE_DRV_SET_DispCtl
                0x000000008008f780       0x20 board/Canaan/k510_crb_lp3/built-in.o
                0x000000008008f780                VO_CORE_DRV_SET_DispCtl
 .text.VO_CORE_DRV_SET_DispEnable
                0x000000008008f7a0       0x20 board/Canaan/k510_crb_lp3/built-in.o
                0x000000008008f7a0                VO_CORE_DRV_SET_DispEnable
 .text.VO_CORE_DRV_GET_DispEnable
                0x000000008008f7c0       0x20 board/Canaan/k510_crb_lp3/built-in.o
                0x000000008008f7c0                VO_CORE_DRV_GET_DispEnable
 .text.VO_CORE_DRV_SET_DispSize
                0x000000008008f7e0       0x20 board/Canaan/k510_crb_lp3/built-in.o
                0x000000008008f7e0                VO_CORE_DRV_SET_DispSize
 .text.VO_CORE_DRV_SET_Layer0Ctl
                0x000000008008f800       0x20 board/Canaan/k510_crb_lp3/built-in.o
                0x000000008008f800                VO_CORE_DRV_SET_Layer0Ctl
 .text.VO_CORE_DRV_SET_Layer0ScaleBLenth
                0x000000008008f820       0x20 board/Canaan/k510_crb_lp3/built-in.o
                0x000000008008f820                VO_CORE_DRV_SET_Layer0ScaleBLenth
 .text.VO_CORE_DRV_SET_Layer0ImgInDatMode
                0x000000008008f840       0x20 board/Canaan/k510_crb_lp3/built-in.o
                0x000000008008f840                VO_CORE_DRV_SET_Layer0ImgInDatMode
 .text.VO_CORE_DRV_SET_Layer0BAddr0Y
                0x000000008008f860       0x20 board/Canaan/k510_crb_lp3/built-in.o
                0x000000008008f860                VO_CORE_DRV_SET_Layer0BAddr0Y
 .text.VO_CORE_DRV_SET_Layer0BAddr0UV
                0x000000008008f880       0x20 board/Canaan/k510_crb_lp3/built-in.o
                0x000000008008f880                VO_CORE_DRV_SET_Layer0BAddr0UV
 .text.VO_CORE_DRV_SET_Layer0BAddr1Y
                0x000000008008f8a0       0x20 board/Canaan/k510_crb_lp3/built-in.o
                0x000000008008f8a0                VO_CORE_DRV_SET_Layer0BAddr1Y
 .text.VO_CORE_DRV_SET_Layer0BAddr1UV
                0x000000008008f8c0       0x20 board/Canaan/k510_crb_lp3/built-in.o
                0x000000008008f8c0                VO_CORE_DRV_SET_Layer0BAddr1UV
 .text.VO_CORE_DRV_SET_Layer0ImgInPix
                0x000000008008f8e0       0x20 board/Canaan/k510_crb_lp3/built-in.o
                0x000000008008f8e0                VO_CORE_DRV_SET_Layer0ImgInPix
 .text.VO_CORE_DRV_SET_Layer0ImgOutPix
                0x000000008008f900       0x20 board/Canaan/k510_crb_lp3/built-in.o
                0x000000008008f900                VO_CORE_DRV_SET_Layer0ImgOutPix
 .text.VO_CORE_DRV_SET_Layer0ImgInStride
                0x000000008008f920       0x20 board/Canaan/k510_crb_lp3/built-in.o
                0x000000008008f920                VO_CORE_DRV_SET_Layer0ImgInStride
 .text.VO_CORE_DRV_SET_Layer0ImgInOffset
                0x000000008008f940       0x20 board/Canaan/k510_crb_lp3/built-in.o
                0x000000008008f940                VO_CORE_DRV_SET_Layer0ImgInOffset
 .text.VO_CORE_DRV_SET_Layer0VScaleStep
                0x000000008008f960       0x20 board/Canaan/k510_crb_lp3/built-in.o
                0x000000008008f960                VO_CORE_DRV_SET_Layer0VScaleStep
 .text.VO_CORE_DRV_SET_Layer0VScaleSt
                0x000000008008f980       0x20 board/Canaan/k510_crb_lp3/built-in.o
                0x000000008008f980                VO_CORE_DRV_SET_Layer0VScaleSt
 .text.VO_CORE_DRV_SET_Layer0HScaleStep
                0x000000008008f9a0       0x20 board/Canaan/k510_crb_lp3/built-in.o
                0x000000008008f9a0                VO_CORE_DRV_SET_Layer0HScaleStep
 .text.VO_CORE_DRV_SET_Layer0HScaleSt
                0x000000008008f9c0       0x20 board/Canaan/k510_crb_lp3/built-in.o
                0x000000008008f9c0                VO_CORE_DRV_SET_Layer0HScaleSt
 .text.VO_CORE_DRV_SET_Layer0BaseMode
                0x000000008008f9e0       0x20 board/Canaan/k510_crb_lp3/built-in.o
                0x000000008008f9e0                VO_CORE_DRV_SET_Layer0BaseMode
 .text.VO_CORE_DRV_SET_Layer0MFBDDataAddr0Y
                0x000000008008fa00       0x20 board/Canaan/k510_crb_lp3/built-in.o
                0x000000008008fa00                VO_CORE_DRV_SET_Layer0MFBDDataAddr0Y
 .text.VO_CORE_DRV_SET_Layer0MFBDHeadAddr0Y
                0x000000008008fa20       0x20 board/Canaan/k510_crb_lp3/built-in.o
                0x000000008008fa20                VO_CORE_DRV_SET_Layer0MFBDHeadAddr0Y
 .text.VO_CORE_DRV_SET_Layer0MFBDDataStride0Y
                0x000000008008fa40       0x20 board/Canaan/k510_crb_lp3/built-in.o
                0x000000008008fa40                VO_CORE_DRV_SET_Layer0MFBDDataStride0Y
 .text.VO_CORE_DRV_SET_Layer0MFBDHeadStride0Y
                0x000000008008fa60       0x20 board/Canaan/k510_crb_lp3/built-in.o
                0x000000008008fa60                VO_CORE_DRV_SET_Layer0MFBDHeadStride0Y
 .text.VO_CORE_DRV_SET_Layer0MFBDDataAddr1Y
                0x000000008008fa80       0x20 board/Canaan/k510_crb_lp3/built-in.o
                0x000000008008fa80                VO_CORE_DRV_SET_Layer0MFBDDataAddr1Y
 .text.VO_CORE_DRV_SET_Layer0MFBDHeadAddr1Y
                0x000000008008faa0       0x20 board/Canaan/k510_crb_lp3/built-in.o
                0x000000008008faa0                VO_CORE_DRV_SET_Layer0MFBDHeadAddr1Y
 .text.VO_CORE_DRV_SET_Layer0MFBDDataStride1Y
                0x000000008008fac0       0x20 board/Canaan/k510_crb_lp3/built-in.o
                0x000000008008fac0                VO_CORE_DRV_SET_Layer0MFBDDataStride1Y
 .text.VO_CORE_DRV_SET_Layer0MFBDHeadStride1Y
                0x000000008008fae0       0x20 board/Canaan/k510_crb_lp3/built-in.o
                0x000000008008fae0                VO_CORE_DRV_SET_Layer0MFBDHeadStride1Y
 .text.VO_CORE_DRV_SET_Layer0MFBDDataAddr0UV
                0x000000008008fb00       0x20 board/Canaan/k510_crb_lp3/built-in.o
                0x000000008008fb00                VO_CORE_DRV_SET_Layer0MFBDDataAddr0UV
 .text.VO_CORE_DRV_SET_Layer0MFBDHeadAddr0UV
                0x000000008008fb20       0x20 board/Canaan/k510_crb_lp3/built-in.o
                0x000000008008fb20                VO_CORE_DRV_SET_Layer0MFBDHeadAddr0UV
 .text.VO_CORE_DRV_SET_Layer0MFBDDataStride0UV
                0x000000008008fb40       0x20 board/Canaan/k510_crb_lp3/built-in.o
                0x000000008008fb40                VO_CORE_DRV_SET_Layer0MFBDDataStride0UV
 .text.VO_CORE_DRV_SET_Layer0MFBDHeadStride0UV
                0x000000008008fb60       0x20 board/Canaan/k510_crb_lp3/built-in.o
                0x000000008008fb60                VO_CORE_DRV_SET_Layer0MFBDHeadStride0UV
 .text.VO_CORE_DRV_SET_Layer0MFBDDataAddr1UV
                0x000000008008fb80       0x20 board/Canaan/k510_crb_lp3/built-in.o
                0x000000008008fb80                VO_CORE_DRV_SET_Layer0MFBDDataAddr1UV
 .text.VO_CORE_DRV_SET_Layer0MFBDHeadAddr1UV
                0x000000008008fba0       0x20 board/Canaan/k510_crb_lp3/built-in.o
                0x000000008008fba0                VO_CORE_DRV_SET_Layer0MFBDHeadAddr1UV
 .text.VO_CORE_DRV_SET_Layer0MFBDDataStride1UV
                0x000000008008fbc0       0x20 board/Canaan/k510_crb_lp3/built-in.o
                0x000000008008fbc0                VO_CORE_DRV_SET_Layer0MFBDDataStride1UV
 .text.VO_CORE_DRV_SET_Layer0MFBDHeadStride1UV
                0x000000008008fbe0       0x20 board/Canaan/k510_crb_lp3/built-in.o
                0x000000008008fbe0                VO_CORE_DRV_SET_Layer0MFBDHeadStride1UV
 .text.VO_CORE_DRV_SET_Layer0MFBD
                0x000000008008fc00       0x20 board/Canaan/k510_crb_lp3/built-in.o
                0x000000008008fc00                VO_CORE_DRV_SET_Layer0MFBD
 .text.VO_CORE_DRV_SET_Layer1Ctl
                0x000000008008fc20       0x20 board/Canaan/k510_crb_lp3/built-in.o
                0x000000008008fc20                VO_CORE_DRV_SET_Layer1Ctl
 .text.VO_CORE_DRV_SET_Layer1ImgInBAddr0Y
                0x000000008008fc40       0x20 board/Canaan/k510_crb_lp3/built-in.o
                0x000000008008fc40                VO_CORE_DRV_SET_Layer1ImgInBAddr0Y
 .text.VO_CORE_DRV_SET_Layer1ImgInBAddr0UV
                0x000000008008fc60       0x20 board/Canaan/k510_crb_lp3/built-in.o
                0x000000008008fc60                VO_CORE_DRV_SET_Layer1ImgInBAddr0UV
 .text.VO_CORE_DRV_SET_Layer1ImgInBAddr1Y
                0x000000008008fc80       0x20 board/Canaan/k510_crb_lp3/built-in.o
                0x000000008008fc80                VO_CORE_DRV_SET_Layer1ImgInBAddr1Y
 .text.VO_CORE_DRV_SET_Layer1ImgInBAddr1UV
                0x000000008008fca0       0x20 board/Canaan/k510_crb_lp3/built-in.o
                0x000000008008fca0                VO_CORE_DRV_SET_Layer1ImgInBAddr1UV
 .text.VO_CORE_DRV_SET_Layer1ImgInOffset
                0x000000008008fcc0       0x20 board/Canaan/k510_crb_lp3/built-in.o
                0x000000008008fcc0                VO_CORE_DRV_SET_Layer1ImgInOffset
 .text.VO_CORE_DRV_SET_Layer1ImgInBlenth
                0x000000008008fce0       0x20 board/Canaan/k510_crb_lp3/built-in.o
                0x000000008008fce0                VO_CORE_DRV_SET_Layer1ImgInBlenth
 .text.VO_CORE_DRV_SET_Layer1ImgInStride
                0x000000008008fd00       0x20 board/Canaan/k510_crb_lp3/built-in.o
                0x000000008008fd00                VO_CORE_DRV_SET_Layer1ImgInStride
 .text.VO_CORE_DRV_SET_Layer1ImgInPixSize
                0x000000008008fd20       0x20 board/Canaan/k510_crb_lp3/built-in.o
                0x000000008008fd20                VO_CORE_DRV_SET_Layer1ImgInPixSize
 .text.VO_CORE_DRV_SET_Layer1AddrSelMode
                0x000000008008fd40       0x20 board/Canaan/k510_crb_lp3/built-in.o
                0x000000008008fd40                VO_CORE_DRV_SET_Layer1AddrSelMode
 .text.VO_CORE_DRV_SET_Layer2Ctl
                0x000000008008fd60       0x20 board/Canaan/k510_crb_lp3/built-in.o
                0x000000008008fd60                VO_CORE_DRV_SET_Layer2Ctl
 .text.VO_CORE_DRV_SET_Layer2ImgInBAddr0Y
                0x000000008008fd80       0x20 board/Canaan/k510_crb_lp3/built-in.o
                0x000000008008fd80                VO_CORE_DRV_SET_Layer2ImgInBAddr0Y
 .text.VO_CORE_DRV_SET_Layer2ImgInBAddr0UV
                0x000000008008fda0       0x20 board/Canaan/k510_crb_lp3/built-in.o
                0x000000008008fda0                VO_CORE_DRV_SET_Layer2ImgInBAddr0UV
 .text.VO_CORE_DRV_SET_Layer2ImgInBAddr1Y
                0x000000008008fdc0       0x20 board/Canaan/k510_crb_lp3/built-in.o
                0x000000008008fdc0                VO_CORE_DRV_SET_Layer2ImgInBAddr1Y
 .text.VO_CORE_DRV_SET_Layer2ImgInBAddr1UV
                0x000000008008fde0       0x20 board/Canaan/k510_crb_lp3/built-in.o
                0x000000008008fde0                VO_CORE_DRV_SET_Layer2ImgInBAddr1UV
 .text.VO_CORE_DRV_SET_Layer2ImgInOffset
                0x000000008008fe00       0x20 board/Canaan/k510_crb_lp3/built-in.o
                0x000000008008fe00                VO_CORE_DRV_SET_Layer2ImgInOffset
 .text.VO_CORE_DRV_SET_Layer2ImgInBlenth
                0x000000008008fe20       0x20 board/Canaan/k510_crb_lp3/built-in.o
                0x000000008008fe20                VO_CORE_DRV_SET_Layer2ImgInBlenth
 .text.VO_CORE_DRV_SET_Layer2ImgInStride
                0x000000008008fe40       0x20 board/Canaan/k510_crb_lp3/built-in.o
                0x000000008008fe40                VO_CORE_DRV_SET_Layer2ImgInStride
 .text.VO_CORE_DRV_SET_Layer2ImgInPixSize
                0x000000008008fe60       0x20 board/Canaan/k510_crb_lp3/built-in.o
                0x000000008008fe60                VO_CORE_DRV_SET_Layer2ImgInPixSize
 .text.VO_CORE_DRV_SET_Layer2AddrSelMode
                0x000000008008fe80       0x20 board/Canaan/k510_crb_lp3/built-in.o
                0x000000008008fe80                VO_CORE_DRV_SET_Layer2AddrSelMode
 .text.VO_CORE_DRV_SET_Layer3Ctl
                0x000000008008fea0       0x20 board/Canaan/k510_crb_lp3/built-in.o
                0x000000008008fea0                VO_CORE_DRV_SET_Layer3Ctl
 .text.VO_CORE_DRV_SET_Layer3ImgInBAddr0Y
                0x000000008008fec0       0x20 board/Canaan/k510_crb_lp3/built-in.o
                0x000000008008fec0                VO_CORE_DRV_SET_Layer3ImgInBAddr0Y
 .text.VO_CORE_DRV_SET_Layer3ImgInBAddr0UV
                0x000000008008fee0       0x20 board/Canaan/k510_crb_lp3/built-in.o
                0x000000008008fee0                VO_CORE_DRV_SET_Layer3ImgInBAddr0UV
 .text.VO_CORE_DRV_SET_Layer3ImgInBAddr1Y
                0x000000008008ff00       0x20 board/Canaan/k510_crb_lp3/built-in.o
                0x000000008008ff00                VO_CORE_DRV_SET_Layer3ImgInBAddr1Y
 .text.VO_CORE_DRV_SET_Layer3ImgInBAddr1UV
                0x000000008008ff20       0x20 board/Canaan/k510_crb_lp3/built-in.o
                0x000000008008ff20                VO_CORE_DRV_SET_Layer3ImgInBAddr1UV
 .text.VO_CORE_DRV_SET_Layer3ImgInOffset
                0x000000008008ff40       0x20 board/Canaan/k510_crb_lp3/built-in.o
                0x000000008008ff40                VO_CORE_DRV_SET_Layer3ImgInOffset
 .text.VO_CORE_DRV_SET_Layer3ImgInBlenth
                0x000000008008ff60       0x20 board/Canaan/k510_crb_lp3/built-in.o
                0x000000008008ff60                VO_CORE_DRV_SET_Layer3ImgInBlenth
 .text.VO_CORE_DRV_SET_Layer3ImgInStride
                0x000000008008ff80       0x20 board/Canaan/k510_crb_lp3/built-in.o
                0x000000008008ff80                VO_CORE_DRV_SET_Layer3ImgInStride
 .text.VO_CORE_DRV_SET_Layer3ImgInPixSize
                0x000000008008ffa0       0x20 board/Canaan/k510_crb_lp3/built-in.o
                0x000000008008ffa0                VO_CORE_DRV_SET_Layer3ImgInPixSize
 .text.VO_CORE_DRV_SET_Layer3AddrSelMode
                0x000000008008ffc0       0x20 board/Canaan/k510_crb_lp3/built-in.o
                0x000000008008ffc0                VO_CORE_DRV_SET_Layer3AddrSelMode
 .text.VO_CORE_DRV_SET_OSD0Info
                0x000000008008ffe0       0x20 board/Canaan/k510_crb_lp3/built-in.o
                0x000000008008ffe0                VO_CORE_DRV_SET_OSD0Info
 .text.VO_CORE_DRV_SET_OSD0Size
                0x0000000080090000       0x20 board/Canaan/k510_crb_lp3/built-in.o
                0x0000000080090000                VO_CORE_DRV_SET_OSD0Size
 .text.VO_CORE_DRV_SET_DispOSD0VluAddr0
                0x0000000080090020       0x20 board/Canaan/k510_crb_lp3/built-in.o
                0x0000000080090020                VO_CORE_DRV_SET_DispOSD0VluAddr0
 .text.VO_CORE_DRV_SET_DispOSD0AlpAddr0
                0x0000000080090040       0x20 board/Canaan/k510_crb_lp3/built-in.o
                0x0000000080090040                VO_CORE_DRV_SET_DispOSD0AlpAddr0
 .text.VO_CORE_DRV_SET_DispOSD0VluAddr1
                0x0000000080090060       0x20 board/Canaan/k510_crb_lp3/built-in.o
                0x0000000080090060                VO_CORE_DRV_SET_DispOSD0VluAddr1
 .text.VO_CORE_DRV_SET_DispOSD0AlpAddr1
                0x0000000080090080       0x20 board/Canaan/k510_crb_lp3/built-in.o
                0x0000000080090080                VO_CORE_DRV_SET_DispOSD0AlpAddr1
 .text.VO_CORE_DRV_SET_OSD0DmaCtl
                0x00000000800900a0       0x20 board/Canaan/k510_crb_lp3/built-in.o
                0x00000000800900a0                VO_CORE_DRV_SET_OSD0DmaCtl
 .text.VO_CORE_DRV_SET_OSD0Stride
                0x00000000800900c0       0x20 board/Canaan/k510_crb_lp3/built-in.o
                0x00000000800900c0                VO_CORE_DRV_SET_OSD0Stride
 .text.VO_CORE_DRV_SET_OSD0AddrSelMode
                0x00000000800900e0       0x20 board/Canaan/k510_crb_lp3/built-in.o
                0x00000000800900e0                VO_CORE_DRV_SET_OSD0AddrSelMode
 .text.VO_CORE_DRV_SET_OSD1Info
                0x0000000080090100       0x20 board/Canaan/k510_crb_lp3/built-in.o
                0x0000000080090100                VO_CORE_DRV_SET_OSD1Info
 .text.VO_CORE_DRV_SET_OSD1Size
                0x0000000080090120       0x20 board/Canaan/k510_crb_lp3/built-in.o
                0x0000000080090120                VO_CORE_DRV_SET_OSD1Size
 .text.VO_CORE_DRV_SET_DispOSD1VluAddr0
                0x0000000080090140       0x20 board/Canaan/k510_crb_lp3/built-in.o
                0x0000000080090140                VO_CORE_DRV_SET_DispOSD1VluAddr0
 .text.VO_CORE_DRV_SET_DispOSD1AlpAddr0
                0x0000000080090160       0x20 board/Canaan/k510_crb_lp3/built-in.o
                0x0000000080090160                VO_CORE_DRV_SET_DispOSD1AlpAddr0
 .text.VO_CORE_DRV_SET_DispOSD1VluAddr1
                0x0000000080090180       0x20 board/Canaan/k510_crb_lp3/built-in.o
                0x0000000080090180                VO_CORE_DRV_SET_DispOSD1VluAddr1
 .text.VO_CORE_DRV_SET_DispOSD1AlpAddr1
                0x00000000800901a0       0x20 board/Canaan/k510_crb_lp3/built-in.o
                0x00000000800901a0                VO_CORE_DRV_SET_DispOSD1AlpAddr1
 .text.VO_CORE_DRV_SET_OSD1DmaCtl
                0x00000000800901c0       0x20 board/Canaan/k510_crb_lp3/built-in.o
                0x00000000800901c0                VO_CORE_DRV_SET_OSD1DmaCtl
 .text.VO_CORE_DRV_SET_OSD1Stride
                0x00000000800901e0       0x20 board/Canaan/k510_crb_lp3/built-in.o
                0x00000000800901e0                VO_CORE_DRV_SET_OSD1Stride
 .text.VO_CORE_DRV_SET_OSD1AddrSelMode
                0x0000000080090200       0x20 board/Canaan/k510_crb_lp3/built-in.o
                0x0000000080090200                VO_CORE_DRV_SET_OSD1AddrSelMode
 .text.VO_CORE_DRV_SET_OSD2Info
                0x0000000080090220       0x20 board/Canaan/k510_crb_lp3/built-in.o
                0x0000000080090220                VO_CORE_DRV_SET_OSD2Info
 .text.VO_CORE_DRV_SET_OSD2Size
                0x0000000080090240       0x20 board/Canaan/k510_crb_lp3/built-in.o
                0x0000000080090240                VO_CORE_DRV_SET_OSD2Size
 .text.VO_CORE_DRV_SET_DispOSD2VluAddr0
                0x0000000080090260       0x20 board/Canaan/k510_crb_lp3/built-in.o
                0x0000000080090260                VO_CORE_DRV_SET_DispOSD2VluAddr0
 .text.VO_CORE_DRV_SET_DispOSD2AlpAddr0
                0x0000000080090280       0x20 board/Canaan/k510_crb_lp3/built-in.o
                0x0000000080090280                VO_CORE_DRV_SET_DispOSD2AlpAddr0
 .text.VO_CORE_DRV_SET_DispOSD2VluAddr1
                0x00000000800902a0       0x20 board/Canaan/k510_crb_lp3/built-in.o
                0x00000000800902a0                VO_CORE_DRV_SET_DispOSD2VluAddr1
 .text.VO_CORE_DRV_SET_DispOSD2AlpAddr1
                0x00000000800902c0       0x20 board/Canaan/k510_crb_lp3/built-in.o
                0x00000000800902c0                VO_CORE_DRV_SET_DispOSD2AlpAddr1
 .text.VO_CORE_DRV_SET_OSD2DmaCtl
                0x00000000800902e0       0x20 board/Canaan/k510_crb_lp3/built-in.o
                0x00000000800902e0                VO_CORE_DRV_SET_OSD2DmaCtl
 .text.VO_CORE_DRV_SET_OSD2Stride
                0x0000000080090300       0x20 board/Canaan/k510_crb_lp3/built-in.o
                0x0000000080090300                VO_CORE_DRV_SET_OSD2Stride
 .text.VO_CORE_DRV_SET_OSD2AddrSelMode
                0x0000000080090320       0x20 board/Canaan/k510_crb_lp3/built-in.o
                0x0000000080090320                VO_CORE_DRV_SET_OSD2AddrSelMode
 .text.VO_CORE_DRV_SET_OSDRGB2YUVCtl
                0x0000000080090340       0x20 board/Canaan/k510_crb_lp3/built-in.o
                0x0000000080090340                VO_CORE_DRV_SET_OSDRGB2YUVCtl
 .text.VO_CORE_DRV_GET_OSDRGB2YUVCtl
                0x0000000080090360       0x20 board/Canaan/k510_crb_lp3/built-in.o
                0x0000000080090360                VO_CORE_DRV_GET_OSDRGB2YUVCtl
 .text.VO_CORE_DRV_SET_OSDRGB2YUVCoeff00
                0x0000000080090380       0x20 board/Canaan/k510_crb_lp3/built-in.o
                0x0000000080090380                VO_CORE_DRV_SET_OSDRGB2YUVCoeff00
 .text.VO_CORE_DRV_SET_OSDRGB2YUVCoeff01
                0x00000000800903a0       0x20 board/Canaan/k510_crb_lp3/built-in.o
                0x00000000800903a0                VO_CORE_DRV_SET_OSDRGB2YUVCoeff01
 .text.VO_CORE_DRV_SET_OSDRGB2YUVCoeff02
                0x00000000800903c0       0x20 board/Canaan/k510_crb_lp3/built-in.o
                0x00000000800903c0                VO_CORE_DRV_SET_OSDRGB2YUVCoeff02
 .text.VO_CORE_DRV_SET_OSDRGB2YUVCoeff03
                0x00000000800903e0       0x20 board/Canaan/k510_crb_lp3/built-in.o
                0x00000000800903e0                VO_CORE_DRV_SET_OSDRGB2YUVCoeff03
 .text.VO_CORE_DRV_SET_OSDRGB2YUVCoeff10
                0x0000000080090400       0x20 board/Canaan/k510_crb_lp3/built-in.o
                0x0000000080090400                VO_CORE_DRV_SET_OSDRGB2YUVCoeff10
 .text.VO_CORE_DRV_SET_OSDRGB2YUVCoeff11
                0x0000000080090420       0x20 board/Canaan/k510_crb_lp3/built-in.o
                0x0000000080090420                VO_CORE_DRV_SET_OSDRGB2YUVCoeff11
 .text.VO_CORE_DRV_SET_OSDRGB2YUVCoeff12
                0x0000000080090440       0x20 board/Canaan/k510_crb_lp3/built-in.o
                0x0000000080090440                VO_CORE_DRV_SET_OSDRGB2YUVCoeff12
 .text.VO_CORE_DRV_SET_OSDRGB2YUVCoeff13
                0x0000000080090460       0x20 board/Canaan/k510_crb_lp3/built-in.o
                0x0000000080090460                VO_CORE_DRV_SET_OSDRGB2YUVCoeff13
 .text.VO_CORE_DRV_SET_OSDRGB2YUVCoeff20
                0x0000000080090480       0x20 board/Canaan/k510_crb_lp3/built-in.o
                0x0000000080090480                VO_CORE_DRV_SET_OSDRGB2YUVCoeff20
 .text.VO_CORE_DRV_SET_OSDRGB2YUVCoeff21
                0x00000000800904a0       0x20 board/Canaan/k510_crb_lp3/built-in.o
                0x00000000800904a0                VO_CORE_DRV_SET_OSDRGB2YUVCoeff21
 .text.VO_CORE_DRV_SET_OSDRGB2YUVCoeff22
                0x00000000800904c0       0x20 board/Canaan/k510_crb_lp3/built-in.o
                0x00000000800904c0                VO_CORE_DRV_SET_OSDRGB2YUVCoeff22
 .text.VO_CORE_DRV_SET_OSDRGB2YUVCoeff23
                0x00000000800904e0       0x20 board/Canaan/k510_crb_lp3/built-in.o
                0x00000000800904e0                VO_CORE_DRV_SET_OSDRGB2YUVCoeff23
 .text.VO_CORE_DRV_SET_DispYUV2RGBCtl
                0x0000000080090500       0x20 board/Canaan/k510_crb_lp3/built-in.o
                0x0000000080090500                VO_CORE_DRV_SET_DispYUV2RGBCtl
 .text.VO_CORE_DRV_SET_DispYUV2RGBCoeff00
                0x0000000080090520       0x20 board/Canaan/k510_crb_lp3/built-in.o
                0x0000000080090520                VO_CORE_DRV_SET_DispYUV2RGBCoeff00
 .text.VO_CORE_DRV_SET_DispYUV2RGBCoeff01
                0x0000000080090540       0x20 board/Canaan/k510_crb_lp3/built-in.o
                0x0000000080090540                VO_CORE_DRV_SET_DispYUV2RGBCoeff01
 .text.VO_CORE_DRV_SET_DispYUV2RGBCoeff02
                0x0000000080090560       0x20 board/Canaan/k510_crb_lp3/built-in.o
                0x0000000080090560                VO_CORE_DRV_SET_DispYUV2RGBCoeff02
 .text.VO_CORE_DRV_SET_DispYUV2RGBCoeff03
                0x0000000080090580       0x20 board/Canaan/k510_crb_lp3/built-in.o
                0x0000000080090580                VO_CORE_DRV_SET_DispYUV2RGBCoeff03
 .text.VO_CORE_DRV_SET_DispYUV2RGBCoeff10
                0x00000000800905a0       0x20 board/Canaan/k510_crb_lp3/built-in.o
                0x00000000800905a0                VO_CORE_DRV_SET_DispYUV2RGBCoeff10
 .text.VO_CORE_DRV_SET_DispYUV2RGBCoeff11
                0x00000000800905c0       0x20 board/Canaan/k510_crb_lp3/built-in.o
                0x00000000800905c0                VO_CORE_DRV_SET_DispYUV2RGBCoeff11
 .text.VO_CORE_DRV_SET_DispYUV2RGBCoeff12
                0x00000000800905e0       0x20 board/Canaan/k510_crb_lp3/built-in.o
                0x00000000800905e0                VO_CORE_DRV_SET_DispYUV2RGBCoeff12
 .text.VO_CORE_DRV_SET_DispYUV2RGBCoeff13
                0x0000000080090600       0x20 board/Canaan/k510_crb_lp3/built-in.o
                0x0000000080090600                VO_CORE_DRV_SET_DispYUV2RGBCoeff13
 .text.VO_CORE_DRV_SET_DispYUV2RGBCoeff20
                0x0000000080090620       0x20 board/Canaan/k510_crb_lp3/built-in.o
                0x0000000080090620                VO_CORE_DRV_SET_DispYUV2RGBCoeff20
 .text.VO_CORE_DRV_SET_DispYUV2RGBCoeff21
                0x0000000080090640       0x20 board/Canaan/k510_crb_lp3/built-in.o
                0x0000000080090640                VO_CORE_DRV_SET_DispYUV2RGBCoeff21
 .text.VO_CORE_DRV_SET_DispYUV2RGBCoeff22
                0x0000000080090660       0x20 board/Canaan/k510_crb_lp3/built-in.o
                0x0000000080090660                VO_CORE_DRV_SET_DispYUV2RGBCoeff22
 .text.VO_CORE_DRV_SET_DispYUV2RGBCoeff23
                0x0000000080090680       0x20 board/Canaan/k510_crb_lp3/built-in.o
                0x0000000080090680                VO_CORE_DRV_SET_DispYUV2RGBCoeff23
 .text.VO_CORE_DRV_SET_DispMixEn
                0x00000000800906a0       0x20 board/Canaan/k510_crb_lp3/built-in.o
                0x00000000800906a0                VO_CORE_DRV_SET_DispMixEn
 .text.VO_CORE_DRV_SET_DispMixALP0
                0x00000000800906c0       0x20 board/Canaan/k510_crb_lp3/built-in.o
                0x00000000800906c0                VO_CORE_DRV_SET_DispMixALP0
 .text.VO_CORE_DRV_SET_DispMixALP1
                0x00000000800906e0       0x20 board/Canaan/k510_crb_lp3/built-in.o
                0x00000000800906e0                VO_CORE_DRV_SET_DispMixALP1
 .text.VO_CORE_DRV_SET_DispMixSel
                0x0000000080090700       0x20 board/Canaan/k510_crb_lp3/built-in.o
                0x0000000080090700                VO_CORE_DRV_SET_DispMixSel
 .text.VO_CORE_DRV_SET_DispBackGroud
                0x0000000080090720       0x20 board/Canaan/k510_crb_lp3/built-in.o
                0x0000000080090720                VO_CORE_DRV_SET_DispBackGroud
 .text.VO_CORE_DRV_SET_DispDithCtl
                0x0000000080090740       0x20 board/Canaan/k510_crb_lp3/built-in.o
                0x0000000080090740                VO_CORE_DRV_SET_DispDithCtl
 .text.VO_CORE_DRV_SET_DispClutCtl
                0x0000000080090760       0x20 board/Canaan/k510_crb_lp3/built-in.o
                0x0000000080090760                VO_CORE_DRV_SET_DispClutCtl
 .text.VO_CORE_DRV_SET_DispIrq0Ctl
                0x0000000080090780       0x20 board/Canaan/k510_crb_lp3/built-in.o
                0x0000000080090780                VO_CORE_DRV_SET_DispIrq0Ctl
 .text.VO_CORE_DRV_SET_DispIrq1Ctl
                0x00000000800907a0       0x20 board/Canaan/k510_crb_lp3/built-in.o
                0x00000000800907a0                VO_CORE_DRV_SET_DispIrq1Ctl
 .text.VO_CORE_DRV_SET_DispIrq2Ctl
                0x00000000800907c0       0x20 board/Canaan/k510_crb_lp3/built-in.o
                0x00000000800907c0                VO_CORE_DRV_SET_DispIrq2Ctl
 .text.VO_CORE_DRV_SET_WbDmaCHEn
                0x00000000800907e0       0x20 board/Canaan/k510_crb_lp3/built-in.o
                0x00000000800907e0                VO_CORE_DRV_SET_WbDmaCHEn
 .text.VO_CORE_DRV_SET_WbDmaMode
                0x0000000080090800       0x20 board/Canaan/k510_crb_lp3/built-in.o
                0x0000000080090800                VO_CORE_DRV_SET_WbDmaMode
 .text.VO_CORE_DRV_SET_WbPixelFormatOut
                0x0000000080090820       0x20 board/Canaan/k510_crb_lp3/built-in.o
                0x0000000080090820                VO_CORE_DRV_SET_WbPixelFormatOut
 .text.VO_CORE_DRV_SET_WbFrmBaseOutAddr0Y
                0x0000000080090840       0x20 board/Canaan/k510_crb_lp3/built-in.o
                0x0000000080090840                VO_CORE_DRV_SET_WbFrmBaseOutAddr0Y
 .text.VO_CORE_DRV_SET_WbFrmBaseOutAddr0UV
                0x0000000080090860       0x20 board/Canaan/k510_crb_lp3/built-in.o
                0x0000000080090860                VO_CORE_DRV_SET_WbFrmBaseOutAddr0UV
 .text.VO_CORE_DRV_SET_WbFrmBaseOutAddr1Y
                0x0000000080090880       0x20 board/Canaan/k510_crb_lp3/built-in.o
                0x0000000080090880                VO_CORE_DRV_SET_WbFrmBaseOutAddr1Y
 .text.VO_CORE_DRV_SET_WbFrmBaseOutAddr1UV
                0x00000000800908a0       0x20 board/Canaan/k510_crb_lp3/built-in.o
                0x00000000800908a0                VO_CORE_DRV_SET_WbFrmBaseOutAddr1UV
 .text.VO_CORE_DRV_SET_WbHStrideY
                0x00000000800908c0       0x20 board/Canaan/k510_crb_lp3/built-in.o
                0x00000000800908c0                VO_CORE_DRV_SET_WbHStrideY
 .text.VO_CORE_DRV_SET_WbHStrideUV
                0x00000000800908e0       0x20 board/Canaan/k510_crb_lp3/built-in.o
                0x00000000800908e0                VO_CORE_DRV_SET_WbHStrideUV
 .text.VO_CORE_DRV_SET_WbBufSizeOut
                0x0000000080090900       0x20 board/Canaan/k510_crb_lp3/built-in.o
                0x0000000080090900                VO_CORE_DRV_SET_WbBufSizeOut
 .text.VO_CORE_DRV_SET_WbVSizeActiveOut
                0x0000000080090920       0x20 board/Canaan/k510_crb_lp3/built-in.o
                0x0000000080090920                VO_CORE_DRV_SET_WbVSizeActiveOut
 .text.VO_CORE_DRV_SET_WbHSizeActiveOut
                0x0000000080090940       0x20 board/Canaan/k510_crb_lp3/built-in.o
                0x0000000080090940                VO_CORE_DRV_SET_WbHSizeActiveOut
 .text.VO_CORE_DRV_SET_WbCh0DmaMode
                0x0000000080090960       0x20 board/Canaan/k510_crb_lp3/built-in.o
                0x0000000080090960                VO_CORE_DRV_SET_WbCh0DmaMode
 .text.VO_CORE_DRV_SET_WbCh0ErrUnit
                0x0000000080090980       0x20 board/Canaan/k510_crb_lp3/built-in.o
                0x0000000080090980                VO_CORE_DRV_SET_WbCh0ErrUnit
 .text.VO_CORE_DRV_SET_WbCh0ErrTh
                0x00000000800909a0       0x20 board/Canaan/k510_crb_lp3/built-in.o
                0x00000000800909a0                VO_CORE_DRV_SET_WbCh0ErrTh
 .text.VO_CORE_DRV_SET_WbCh0InfoClr
                0x00000000800909c0       0x20 board/Canaan/k510_crb_lp3/built-in.o
                0x00000000800909c0                VO_CORE_DRV_SET_WbCh0InfoClr
 .text.VO_CORE_DRV_SET_WbCh0RstReq
                0x00000000800909e0       0x20 board/Canaan/k510_crb_lp3/built-in.o
                0x00000000800909e0                VO_CORE_DRV_SET_WbCh0RstReq
 .text.VO_CORE_DRV_SET_WbCh1DmaMode
                0x0000000080090a00       0x20 board/Canaan/k510_crb_lp3/built-in.o
                0x0000000080090a00                VO_CORE_DRV_SET_WbCh1DmaMode
 .text.VO_CORE_DRV_SET_WbCh1ErrUnit
                0x0000000080090a20       0x20 board/Canaan/k510_crb_lp3/built-in.o
                0x0000000080090a20                VO_CORE_DRV_SET_WbCh1ErrUnit
 .text.VO_CORE_DRV_SET_WbCh1ErrTh
                0x0000000080090a40       0x20 board/Canaan/k510_crb_lp3/built-in.o
                0x0000000080090a40                VO_CORE_DRV_SET_WbCh1ErrTh
 .text.VO_CORE_DRV_SET_WbCh1InfoClr
                0x0000000080090a60       0x20 board/Canaan/k510_crb_lp3/built-in.o
                0x0000000080090a60                VO_CORE_DRV_SET_WbCh1InfoClr
 .text.VO_CORE_DRV_SET_WbCh1RstReq
                0x0000000080090a80       0x20 board/Canaan/k510_crb_lp3/built-in.o
                0x0000000080090a80                VO_CORE_DRV_SET_WbCh1RstReq
 .text.VO_CORE_DRV_GET_CoreRegsVal
                0x0000000080090aa0       0x1c board/Canaan/k510_crb_lp3/built-in.o
                0x0000000080090aa0                VO_CORE_DRV_GET_CoreRegsVal
 .text.peri_dma_clear_int
                0x0000000080090abc       0x1c board/Canaan/k510_crb_lp3/built-in.o
                0x0000000080090abc                peri_dma_clear_int
 .text.peri_dma_config
                0x0000000080090ad8       0xee board/Canaan/k510_crb_lp3/built-in.o
                0x0000000080090ad8                peri_dma_config
 .text.peri_dma_start
                0x0000000080090bc6       0x4c board/Canaan/k510_crb_lp3/built-in.o
                0x0000000080090bc6                peri_dma_start
 .text.peri_dma_wait_done_or_timeout
                0x0000000080090c12       0x1e board/Canaan/k510_crb_lp3/built-in.o
                0x0000000080090c12                peri_dma_wait_done_or_timeout
 .text.VO_DRV_DrawLine_Remap
                0x0000000080090c30       0x18 board/Canaan/k510_crb_lp3/built-in.o
                0x0000000080090c30                VO_DRV_DrawLine_Remap
 .text.VO_DRV_Table_Remap
                0x0000000080090c48        0x4 board/Canaan/k510_crb_lp3/built-in.o
                0x0000000080090c48                VO_DRV_Table_Remap
 .text.VO_TABLE_init
                0x0000000080090c4c       0xbc board/Canaan/k510_crb_lp3/built-in.o
                0x0000000080090c4c                VO_TABLE_init
 .text.sysctl_reset_hw_done
                0x0000000080090d08       0x4a board/Canaan/k510_crb_lp3/built-in.o
 .text.sysctl_reset
                0x0000000080090d52      0x368 board/Canaan/k510_crb_lp3/built-in.o
                0x0000000080090d52                sysctl_reset
 .text.wait_phy_pll_locked
                0x00000000800910ba       0x14 board/Canaan/k510_crb_lp3/built-in.o
                0x00000000800910ba                wait_phy_pll_locked
 .text.wait_cklane_rdy
                0x00000000800910ce       0x14 board/Canaan/k510_crb_lp3/built-in.o
                0x00000000800910ce                wait_cklane_rdy
 .text.wait_dat1_rdy
                0x00000000800910e2       0x14 board/Canaan/k510_crb_lp3/built-in.o
                0x00000000800910e2                wait_dat1_rdy
 .text.wait_dat2_rdy
                0x00000000800910f6       0x14 board/Canaan/k510_crb_lp3/built-in.o
                0x00000000800910f6                wait_dat2_rdy
 .text.wait_dat3_rdy
                0x000000008009110a       0x14 board/Canaan/k510_crb_lp3/built-in.o
                0x000000008009110a                wait_dat3_rdy
 .text.wait_dat4_rdy
                0x000000008009111e       0x16 board/Canaan/k510_crb_lp3/built-in.o
                0x000000008009111e                wait_dat4_rdy
 .text.dsc_cmd_send
                0x0000000080091134       0xce board/Canaan/k510_crb_lp3/built-in.o
                0x0000000080091134                dsc_cmd_send
 .text.dsc_cmd_send_buff
                0x0000000080091202      0x104 board/Canaan/k510_crb_lp3/built-in.o
                0x0000000080091202                dsc_cmd_send_buff
 .text.dsc_cmd_send_short_pag
                0x0000000080091306       0x48 board/Canaan/k510_crb_lp3/built-in.o
                0x0000000080091306                dsc_cmd_send_short_pag
 .text.dsc_cmd_send_37
                0x000000008009134e       0x48 board/Canaan/k510_crb_lp3/built-in.o
                0x000000008009134e                dsc_cmd_send_37
 .text.hx8399_read_id
                0x0000000080091396       0x9a board/Canaan/k510_crb_lp3/built-in.o
                0x0000000080091396                hx8399_read_id
 .text.hx8399_v2_init
                0x0000000080091430      0x24e board/Canaan/k510_crb_lp3/built-in.o
                0x0000000080091430                hx8399_v2_init
 .text.hx8399_c_init
                0x000000008009167e      0x3d4 board/Canaan/k510_crb_lp3/built-in.o
                0x000000008009167e                hx8399_c_init
 .text.dsi_prepare
                0x0000000080091a52       0xdc board/Canaan/k510_crb_lp3/built-in.o
                0x0000000080091a52                dsi_prepare
 .text.get_lcd_id
                0x0000000080091b2e        0xa board/Canaan/k510_crb_lp3/built-in.o
                0x0000000080091b2e                get_lcd_id
 .text.dsi_init_1080x1920
                0x0000000080091b38      0x130 board/Canaan/k510_crb_lp3/built-in.o
                0x0000000080091b38                dsi_init_1080x1920
 .text.DsiRegWr
                0x0000000080091c68        0xa board/Canaan/k510_crb_lp3/built-in.o
                0x0000000080091c68                DsiRegWr
 .text.DsiRegRd
                0x0000000080091c72        0xc board/Canaan/k510_crb_lp3/built-in.o
                0x0000000080091c72                DsiRegRd
 .text.do_go    0x0000000080091c7e       0x56 cmd/built-in.o
 .text.do_bootm
                0x0000000080091cd4       0xbe cmd/built-in.o
                0x0000000080091cd4                do_bootm
 .text.do_bootd
                0x0000000080091d92       0x20 cmd/built-in.o
                0x0000000080091d92                do_bootd
 .text.do_imls  0x0000000080091db2       0xdc cmd/built-in.o
 .text.image_info
                0x0000000080091e8e      0x106 cmd/built-in.o
 .text.do_iminfo
                0x0000000080091f94       0x46 cmd/built-in.o
 .text.bootm_maybe_autostart
                0x0000000080091fda       0x56 cmd/built-in.o
                0x0000000080091fda                bootm_maybe_autostart
 .text.do_help  0x0000000080092030       0x3a cmd/built-in.o
 .text.do_version
                0x000000008009206a       0x36 cmd/built-in.o
 .text.source   0x00000000800920a0      0x1c0 cmd/built-in.o
                0x00000000800920a0                source
 .text.do_source
                0x0000000080092260       0x56 cmd/built-in.o
 .text.print_num
                0x00000000800922b6       0x1a cmd/built-in.o
 .text.do_bdinfo
                0x00000000800922d0       0xc8 cmd/built-in.o
                0x00000000800922d0                do_bdinfo
 .text.do_blkcache
                0x0000000080092398       0x46 cmd/built-in.o
 .text.blkc_configure
                0x00000000800923de       0x4a cmd/built-in.o
 .text.blkc_show
                0x0000000080092428       0x2a cmd/built-in.o
 .text.efi_install_fdt
                0x0000000080092452      0x254 cmd/built-in.o
 .text.do_bootefi_exec
                0x00000000800926a6      0x148 cmd/built-in.o
 .text.do_bootefi
                0x00000000800927ee      0x146 cmd/built-in.o
 .text.efi_set_bootdev
                0x0000000080092934       0x7a cmd/built-in.o
                0x0000000080092934                efi_set_bootdev
 .text.do_booti
                0x00000000800929ae       0xb4 cmd/built-in.o
                0x00000000800929ae                do_booti
 .text.parse_argv
                0x0000000080092a62       0x44 cmd/built-in.o
 .text.do_icache
                0x0000000080092aa6       0x70 cmd/built-in.o
 .text.do_dcache
                0x0000000080092b16       0x70 cmd/built-in.o
 .text.do_coninfo
                0x0000000080092b86       0x9c cmd/built-in.o
 .text.do_dm_dump_devres
                0x0000000080092c22        0x4 cmd/built-in.o
 .text.do_dm    0x0000000080092c26       0x4c cmd/built-in.o
 .text.do_dm_dump_uclass
                0x0000000080092c72        0xe cmd/built-in.o
 .text.do_dm_dump_all
                0x0000000080092c80        0xe cmd/built-in.o
 .text.do_echo  0x0000000080092c8e       0x80 cmd/built-in.o
 .text.load_elf_image_phdr
                0x0000000080092d0e       0xd2 cmd/built-in.o
 .text.valid_elf_image
                0x0000000080092de0       0x3a cmd/built-in.o
                0x0000000080092de0                valid_elf_image
 .text.do_bootelf
                0x0000000080092e1a      0x1d6 cmd/built-in.o
                0x0000000080092e1a                do_bootelf
 .text.do_bootvx
                0x0000000080092ff0      0x2a8 cmd/built-in.o
                0x0000000080092ff0                do_bootvx
 .text.do_exit  0x0000000080093298       0x2a cmd/built-in.o
 .text.do_ext4_size
                0x00000000800932c2        0xe cmd/built-in.o
                0x00000000800932c2                do_ext4_size
 .text.do_ext4_load
                0x00000000800932d0        0xe cmd/built-in.o
                0x00000000800932d0                do_ext4_load
 .text.do_ext4_ls
                0x00000000800932de        0xe cmd/built-in.o
                0x00000000800932de                do_ext4_ls
 .text.do_ext4_write
                0x00000000800932ec        0xe cmd/built-in.o
                0x00000000800932ec                do_ext4_write
 .text.do_ext2load
                0x00000000800932fa        0xe cmd/built-in.o
                0x00000000800932fa                do_ext2load
 .text.do_ext2ls
                0x0000000080093308        0xe cmd/built-in.o
 .text.do_fat_size
                0x0000000080093316        0xe cmd/built-in.o
                0x0000000080093316                do_fat_size
 .text.do_fat_fsload
                0x0000000080093324        0xe cmd/built-in.o
                0x0000000080093324                do_fat_fsload
 .text.do_fat_ls
                0x0000000080093332        0xe cmd/built-in.o
 .text.do_fat_fswrite
                0x0000000080093340       0xd0 cmd/built-in.o
 .text.do_fat_rm
                0x0000000080093410        0xe cmd/built-in.o
 .text.do_fat_mkdir
                0x000000008009341e        0xe cmd/built-in.o
 .text.do_fat_fsinfo
                0x000000008009342c       0x68 cmd/built-in.o
 .text.fdt_valid
                0x0000000080093494       0xe8 cmd/built-in.o
 .text.is_printable_string
                0x000000008009357c       0x54 cmd/built-in.o
 .text.print_data
                0x00000000800935d0      0x166 cmd/built-in.o
 .text.set_working_fdt_addr
                0x0000000080093736       0x20 cmd/built-in.o
                0x0000000080093736                set_working_fdt_addr
 .text.do_fdt   0x0000000080093756      0xe54 cmd/built-in.o
 .text.flash_fill_sect_ranges
                0x00000000800945aa      0x150 cmd/built-in.o
 .text.abbrev_spec
                0x00000000800946fa       0xfa cmd/built-in.o
 .text.do_flinfo
                0x00000000800947f4       0xa6 cmd/built-in.o
 .text.flash_sect_roundb
                0x000000008009489a       0x9a cmd/built-in.o
                0x000000008009489a                flash_sect_roundb
 .text.addr_spec
                0x0000000080094934       0x7a cmd/built-in.o
 .text.flash_sect_erase
                0x00000000800949ae       0xd6 cmd/built-in.o
                0x00000000800949ae                flash_sect_erase
 .text.do_flerase
                0x0000000080094a84      0x170 cmd/built-in.o
 .text.flash_sect_protect
                0x0000000080094bf4       0xf8 cmd/built-in.o
                0x0000000080094bf4                flash_sect_protect
 .text.do_protect
                0x0000000080094cec      0x226 cmd/built-in.o
 .text.do_size_wrapper
                0x0000000080094f12        0xe cmd/built-in.o
 .text.do_load_wrapper
                0x0000000080094f20        0xe cmd/built-in.o
 .text.do_save_wrapper
                0x0000000080094f2e        0xe cmd/built-in.o
 .text.do_ls_wrapper
                0x0000000080094f3c        0xe cmd/built-in.o
 .text.do_ln_wrapper
                0x0000000080094f4a        0xe cmd/built-in.o
 .text.do_fstype_wrapper
                0x0000000080094f58        0xc cmd/built-in.o
 .text.evalexp  0x0000000080094f64       0x74 cmd/built-in.o
 .text.evalstr  0x0000000080094fd8       0x54 cmd/built-in.o
 .text.binary_test
                0x000000008009502c      0x10c cmd/built-in.o
 .text.do_itest
                0x0000000080095138       0x56 cmd/built-in.o
 .text.bin_data_init
                0x000000008009518e       0x1a cmd/built-in.o
 .text.k_data_save
                0x00000000800951a8       0x32 cmd/built-in.o
 .text.k_data_restore
                0x00000000800951da       0x32 cmd/built-in.o
 .text.getcxmodem
                0x000000008009520c       0x18 cmd/built-in.o
 .text.load_serial_ymodem
                0x0000000080095224       0xc4 cmd/built-in.o
 .text.bin_data_char
                0x00000000800952e8       0x24 cmd/built-in.o
 .text.chk1.constprop.2
                0x000000008009530c       0x24 cmd/built-in.o
 .text.s1_sendpacket.constprop.3
                0x0000000080095330       0x3a cmd/built-in.o
 .text.load_serial
                0x000000008009536a      0x158 cmd/built-in.o
 .text.do_load_serial
                0x00000000800954c2       0xb4 cmd/built-in.o
 .text.do_load_serial_bin
                0x0000000080095576      0x6b8 cmd/built-in.o
 .text.do_md5sum
                0x0000000080095c2e      0x21e cmd/built-in.o
                0x0000000080095c2e                do_md5sum
 .text.do_mem_loop
                0x0000000080095e4c       0xc2 cmd/built-in.o
 .text.do_mem_md
                0x0000000080095f0e       0xa2 cmd/built-in.o
 .text.do_mem_cmp
                0x0000000080095fb0      0x116 cmd/built-in.o
 .text.do_mem_base
                0x00000000800960c6       0x36 cmd/built-in.o
 .text.do_mem_mw
                0x00000000800960fc       0x96 cmd/built-in.o
 .text.do_mem_cp
                0x0000000080096192       0xae cmd/built-in.o
 .text.do_mem_crc
                0x0000000080096240       0x2c cmd/built-in.o
 .text.mod_mem.isra.0
                0x000000008009626c      0x13a cmd/built-in.o
 .text.do_mem_mm
                0x00000000800963a6        0xe cmd/built-in.o
 .text.do_mem_nm
                0x00000000800963b4        0xe cmd/built-in.o
 .text.do_random
                0x00000000800963c2       0xd0 cmd/built-in.o
 .text.extract_range
                0x0000000080096492       0xa0 cmd/built-in.o
 .text.dump_field
                0x0000000080096532       0x4e cmd/built-in.o
 .text.do_mii   0x0000000080096580      0x6ae cmd/built-in.o
 .text.do_mdio  0x0000000080096c2e      0x4dc cmd/built-in.o
 .text.do_sleep
                0x000000008009710a       0xa0 cmd/built-in.o
 .text.do_mmcops
                0x00000000800971aa       0x82 cmd/built-in.o
 .text.init_mmc_device
                0x000000008009722c       0x4c cmd/built-in.o
 .text.do_mmc_rst_func
                0x0000000080097278       0x74 cmd/built-in.o
 .text.do_mmc_rescan
                0x00000000800972ec       0x1a cmd/built-in.o
 .text.do_mmc_boot_resize
                0x0000000080097306       0x9e cmd/built-in.o
 .text.do_mmc_bootbus
                0x00000000800973a4       0x7e cmd/built-in.o
 .text.do_mmc_hwpartition
                0x0000000080097422      0x3ce cmd/built-in.o
 .text.do_mmc_list
                0x00000000800977f0       0x10 cmd/built-in.o
 .text.do_mmc_dev
                0x0000000080097800       0xea cmd/built-in.o
 .text.do_mmc_erase
                0x00000000800978ea       0xbe cmd/built-in.o
 .text.do_mmc_write
                0x00000000800979a8       0xcc cmd/built-in.o
 .text.do_mmc_read
                0x0000000080097a74       0xb0 cmd/built-in.o
 .text.do_mmcinfo
                0x0000000080097b24      0x338 cmd/built-in.o
 .text.do_mmc_partconf
                0x0000000080097e5c       0xc0 cmd/built-in.o
 .text.do_mmc_setdsr
                0x0000000080097f1c       0x80 cmd/built-in.o
 .text.do_mmc_part
                0x0000000080097f9c       0x4e cmd/built-in.o
 .text.complete_mtd
                0x0000000080097fea       0x24 cmd/built-in.o
 .text.mtd_dump_buf
                0x000000008009800e       0x88 cmd/built-in.o
 .text.mtd_show_parts
                0x0000000080098096       0x64 cmd/built-in.o
 .text.get_mtd_by_name
                0x00000000800980fa       0x30 cmd/built-in.o
 .text.do_mtd_bad
                0x000000008009812a       0x76 cmd/built-in.o
 .text.do_mtd_erase
                0x00000000800981a0      0x122 cmd/built-in.o
 .text.do_mtd_list
                0x00000000800982c2      0x1a6 cmd/built-in.o
 .text.mtd_name_complete
                0x0000000080098468       0xae cmd/built-in.o
 .text.do_mtd_io
                0x0000000080098516      0x42c cmd/built-in.o
 .text.do_mtd   0x0000000080098942       0x68 cmd/built-in.o
 .text.mtd_arg_off
                0x00000000800989aa       0x52 cmd/built-in.o
                0x00000000800989aa                mtd_arg_off
 .text.mtd_arg_off_size
                0x00000000800989fc       0xae cmd/built-in.o
                0x00000000800989fc                mtd_arg_off_size
 .text.netboot_common
                0x0000000080098aaa      0x23e cmd/built-in.o
 .text.do_bootp
                0x0000000080098ce8       0x10 cmd/built-in.o
 .text.do_dhcp  0x0000000080098cf8       0x10 cmd/built-in.o
 .text.do_nfs   0x0000000080098d08       0x10 cmd/built-in.o
 .text.do_tftpb
                0x0000000080098d18       0x32 cmd/built-in.o
                0x0000000080098d18                do_tftpb
 .text.do_ping  0x0000000080098d4a       0x56 cmd/built-in.o
 .text.do_part_list
                0x0000000080098da0      0x112 cmd/built-in.o
 .text.do_part_info
                0x0000000080098eb2       0xce cmd/built-in.o
 .text.do_part  0x0000000080098f80       0xcc cmd/built-in.o
 .text.do_pxe   0x000000008009904c       0x54 cmd/built-in.o
 .text.do_pxe_boot
                0x00000000800990a0       0xac cmd/built-in.o
 .text.do_get_tftp
                0x000000008009914c       0x2e cmd/built-in.o
 .text.do_pxe_get
                0x000000008009917a      0x120 cmd/built-in.o
 .text.eol_or_eof
                0x000000008009929a       0x16 cmd/built-in.o
 .text.label_print
                0x00000000800992b0       0x1c cmd/built-in.o
 .text.label_destroy
                0x00000000800992cc       0x48 cmd/built-in.o
 .text.get_string
                0x0000000080099314       0x9c cmd/built-in.o
 .text.get_token
                0x00000000800993b0       0xba cmd/built-in.o
 .text.parse_sliteral
                0x000000008009946a       0x42 cmd/built-in.o
 .text.parse_integer
                0x00000000800994ac       0x50 cmd/built-in.o
 .text.get_relfile
                0x00000000800994fc       0xee cmd/built-in.o
 .text.get_relfile_envaddr
                0x00000000800995ea       0x36 cmd/built-in.o
 .text.format_mac_pxe
                0x0000000080099620       0x66 cmd/built-in.o
                0x0000000080099620                format_mac_pxe
 .text.label_boot
                0x0000000080099686      0x5aa cmd/built-in.o
 .text.get_pxe_file
                0x0000000080099c30       0x42 cmd/built-in.o
                0x0000000080099c30                get_pxe_file
 .text.handle_include
                0x0000000080099c72       0x76 cmd/built-in.o
 .text.parse_pxefile_top
                0x0000000080099ce8      0x30c cmd/built-in.o
 .text.get_pxelinux_path
                0x0000000080099ff4       0x6a cmd/built-in.o
                0x0000000080099ff4                get_pxelinux_path
 .text.destroy_pxe_menu
                0x000000008009a05e       0x3a cmd/built-in.o
                0x000000008009a05e                destroy_pxe_menu
 .text.parse_pxefile
                0x000000008009a098       0x46 cmd/built-in.o
                0x000000008009a098                parse_pxefile
 .text.handle_pxe_menu
                0x000000008009a0de       0xf0 cmd/built-in.o
                0x000000008009a0de                handle_pxe_menu
 .text.show_time
                0x000000008009a1ce       0x56 cmd/built-in.o
 .text.spi_test_next_stage
                0x000000008009a224       0x30 cmd/built-in.o
 .text.bytes_per_second
                0x000000008009a254       0x36 cmd/built-in.o
 .text.do_spi_flash
                0x000000008009a28a      0x824 cmd/built-in.o
 .text.do_sysboot
                0x000000008009aaae      0x182 cmd/built-in.o
 .text.do_get_any
                0x000000008009ac30       0x42 cmd/built-in.o
 .text.do_get_fat
                0x000000008009ac72       0x40 cmd/built-in.o
 .text.do_get_ext2
                0x000000008009acb2       0x40 cmd/built-in.o
 .text.do_false
                0x000000008009acf2        0x4 cmd/built-in.o
 .text.do_true  0x000000008009acf6        0x4 cmd/built-in.o
 .text.do_test  0x000000008009acfa      0x220 cmd/built-in.o
 .text.do_unzip
                0x000000008009af1a       0x7c cmd/built-in.o
 .text.do_gzwrite
                0x000000008009af96       0xa4 cmd/built-in.o
 .text.do_lzmadec
                0x000000008009b03a       0x7c cmd/built-in.o
 .text.do_imgextract
                0x000000008009b0b6      0x2da cmd/built-in.o
 .text.do_env_delete
                0x000000008009b390       0x7c cmd/built-in.o
 .text.do_env_exists
                0x000000008009b40c       0x42 cmd/built-in.o
 .text.do_env_save
                0x000000008009b44e       0x10 cmd/built-in.o
 .text.do_env   0x000000008009b45e       0x46 cmd/built-in.o
 .text.env_print
                0x000000008009b4a4       0x8c cmd/built-in.o
 .text.do_env_print
                0x000000008009b530       0x8a cmd/built-in.o
 .text.do_env_import
                0x000000008009b5ba      0x1de cmd/built-in.o
 .text.do_env_default
                0x000000008009b798       0x6e cmd/built-in.o
 .text._do_env_set.isra.0
                0x000000008009b806      0x142 cmd/built-in.o
 .text.do_env_set
                0x000000008009b948       0x1c cmd/built-in.o
 .text.env_get_id
                0x000000008009b964        0xa cmd/built-in.o
                0x000000008009b964                env_get_id
 .text.env_set  0x000000008009b96e       0x3e cmd/built-in.o
                0x000000008009b96e                env_set
 .text.env_set_ulong
                0x000000008009b9ac       0x18 cmd/built-in.o
                0x000000008009b9ac                env_set_ulong
 .text.env_set_hex
                0x000000008009b9c4       0x28 cmd/built-in.o
                0x000000008009b9c4                env_set_hex
 .text.do_env_export
                0x000000008009b9ec      0x18a cmd/built-in.o
 .text.env_match
                0x000000008009bb76       0x50 cmd/built-in.o
                0x000000008009bb76                env_match
 .text.env_get_f
                0x000000008009bbc6       0x8a cmd/built-in.o
                0x000000008009bbc6                env_get_f
 .text.env_get  0x000000008009bc50       0x5a cmd/built-in.o
                0x000000008009bc50                env_get
 .text.env_get_hex
                0x000000008009bcaa       0x28 cmd/built-in.o
                0x000000008009bcaa                env_get_hex
 .text.eth_env_get_enetaddr
                0x000000008009bcd2       0x46 cmd/built-in.o
                0x000000008009bcd2                eth_env_get_enetaddr
 .text.eth_env_set_enetaddr
                0x000000008009bd18       0x36 cmd/built-in.o
                0x000000008009bd18                eth_env_set_enetaddr
 .text.from_env
                0x000000008009bd4e       0x26 cmd/built-in.o
                0x000000008009bd4e                from_env
 .text.env_get_ulong
                0x000000008009bd74       0x26 cmd/built-in.o
                0x000000008009bd74                env_get_ulong
 .text.do_env_edit.part.3
                0x000000008009bd9a       0x7a cmd/built-in.o
 .text.do_env_edit
                0x000000008009be14       0x22 cmd/built-in.o
 .text.arch_setup_gd
                0x000000008009be36        0x4 common/built-in.o
                0x000000008009be36                arch_setup_gd
 .text.board_init_f_alloc_reserve
                0x000000008009be3a        0xc common/built-in.o
                0x000000008009be3a                board_init_f_alloc_reserve
 .text.board_init_f_init_reserve
                0x000000008009be46       0x28 common/built-in.o
                0x000000008009be46                board_init_f_init_reserve
 .text.show_boot_progress
                0x000000008009be6e        0x4 common/built-in.o
                0x000000008009be6e                show_boot_progress
 .text.main_loop
                0x000000008009be72       0x42 common/built-in.o
                0x000000008009be72                main_loop
 .text.mdelay   0x000000008009beb4       0x14 common/built-in.o
 .text.dummy    0x000000008009bec8        0x2 common/built-in.o
 .text.get_version
                0x000000008009beca        0x4 common/built-in.o
                0x000000008009beca                get_version
 .text.jumptable_init
                0x000000008009bece      0x194 common/built-in.o
                0x000000008009bece                jumptable_init
 .text.hash_finish_crc32
                0x000000008009c062       0x1e common/built-in.o
 .text.hash_finish_crc16_ccitt
                0x000000008009c080       0x22 common/built-in.o
 .text.hash_update_crc32
                0x000000008009c0a2       0x18 common/built-in.o
 .text.hash_init_crc32
                0x000000008009c0ba       0x1e common/built-in.o
 .text.hash_init_crc16_ccitt
                0x000000008009c0d8       0x1e common/built-in.o
 .text.hash_update_crc16_ccitt
                0x000000008009c0f6       0x1c common/built-in.o
 .text.hash_finish_sha256
                0x000000008009c112       0x24 common/built-in.o
 .text.hash_update_sha256
                0x000000008009c136       0x14 common/built-in.o
 .text.hash_init_sha256
                0x000000008009c14a       0x22 common/built-in.o
 .text.hash_finish_sha1
                0x000000008009c16c       0x24 common/built-in.o
 .text.hash_update_sha1
                0x000000008009c190       0x14 common/built-in.o
 .text.hash_init_sha1
                0x000000008009c1a4       0x22 common/built-in.o
 .text.hash_lookup_algo
                0x000000008009c1c6       0x42 common/built-in.o
                0x000000008009c1c6                hash_lookup_algo
 .text.hash_command
                0x000000008009c208      0x160 common/built-in.o
                0x000000008009c208                hash_command
 .text.b_reset  0x000000008009c368       0x12 common/built-in.o
 .text.static_get
                0x000000008009c37a       0x12 common/built-in.o
 .text.static_peek
                0x000000008009c38c        0x8 common/built-in.o
 .text.mapset   0x000000008009c394       0x1a common/built-in.o
 .text.syntax_err
                0x000000008009c3ae       0x14 common/built-in.o
 .text.free_pipe_list
                0x000000008009c3c2       0x8a common/built-in.o
 .text.xmalloc  0x000000008009c44c       0x1c common/built-in.o
 .text.new_pipe
                0x000000008009c468       0x24 common/built-in.o
 .text.xrealloc
                0x000000008009c48c       0x1c common/built-in.o
 .text.done_command
                0x000000008009c4a8       0x52 common/built-in.o
 .text.done_pipe
                0x000000008009c4fa       0x36 common/built-in.o
 .text.done_word
                0x000000008009c530      0x1f8 common/built-in.o
 .text.is_assignment
                0x000000008009c728       0x4c common/built-in.o
 .text.file_get
                0x000000008009c774      0x172 common/built-in.o
 .text.do_showvar
                0x000000008009c8e6       0xac common/built-in.o
 .text.b_addchr
                0x000000008009c992       0x52 common/built-in.o
 .text.b_addqchr
                0x000000008009c9e4       0x32 common/built-in.o
 .text.file_peek
                0x000000008009ca16        0x8 common/built-in.o
 .text.get_local_var
                0x000000008009ca1e       0x74 common/built-in.o
                0x000000008009ca1e                get_local_var
 .text.set_local_var
                0x000000008009ca92      0x118 common/built-in.o
                0x000000008009ca92                set_local_var
 .text.insert_var_value_sub
                0x000000008009cbaa      0x1d4 common/built-in.o